running egg_info
writing ../../build/armpi_lite/armpi_lite.egg-info/PKG-INFO
writing dependency_links to ../../build/armpi_lite/armpi_lite.egg-info/dependency_links.txt
writing entry points to ../../build/armpi_lite/armpi_lite.egg-info/entry_points.txt
writing requirements to ../../build/armpi_lite/armpi_lite.egg-info/requires.txt
writing top-level names to ../../build/armpi_lite/armpi_lite.egg-info/top_level.txt
writing manifest file '../../build/armpi_lite/armpi_lite.egg-info/SOURCES.txt'
reading manifest file '../../build/armpi_lite/armpi_lite.egg-info/SOURCES.txt'
writing manifest file '../../build/armpi_lite/armpi_lite.egg-info/SOURCES.txt'
running build
running build_py
copying armpi_lite/__init__.py -> /home/shenmo/ros/ros2ver/ros2_ws/build/armpi_lite/build/lib/armpi_lite
copying armpi_lite/camera_node.py -> /home/shenmo/ros/ros2ver/ros2_ws/build/armpi_lite/build/lib/armpi_lite
copying armpi_lite/detect_node.py -> /home/shenmo/ros/ros2ver/ros2_ws/build/armpi_lite/build/lib/armpi_lite
copying armpi_lite/serial_protocol.py -> /home/shenmo/ros/ros2ver/ros2_ws/build/armpi_lite/build/lib/armpi_lite
copying armpi_lite/arm_node.py -> /home/shenmo/ros/ros2ver/ros2_ws/build/armpi_lite/build/lib/armpi_lite
copying armpi_lite/kinematics.py -> /home/shenmo/ros/ros2ver/ros2_ws/build/armpi_lite/build/lib/armpi_lite
copying armpi_lite/gui_node.py -> /home/shenmo/ros/ros2ver/ros2_ws/build/armpi_lite/build/lib/armpi_lite
running install
running install_lib
copying /home/shenmo/ros/ros2ver/ros2_ws/build/armpi_lite/build/lib/armpi_lite/__init__.py -> /home/shenmo/ros/ros2ver/ros2_ws/install/armpi_lite/lib/python3.10/site-packages/armpi_lite
copying /home/shenmo/ros/ros2ver/ros2_ws/build/armpi_lite/build/lib/armpi_lite/camera_node.py -> /home/shenmo/ros/ros2ver/ros2_ws/install/armpi_lite/lib/python3.10/site-packages/armpi_lite
copying /home/shenmo/ros/ros2ver/ros2_ws/build/armpi_lite/build/lib/armpi_lite/detect_node.py -> /home/shenmo/ros/ros2ver/ros2_ws/install/armpi_lite/lib/python3.10/site-packages/armpi_lite
copying /home/shenmo/ros/ros2ver/ros2_ws/build/armpi_lite/build/lib/armpi_lite/serial_protocol.py -> /home/shenmo/ros/ros2ver/ros2_ws/install/armpi_lite/lib/python3.10/site-packages/armpi_lite
copying /home/shenmo/ros/ros2ver/ros2_ws/build/armpi_lite/build/lib/armpi_lite/arm_node.py -> /home/shenmo/ros/ros2ver/ros2_ws/install/armpi_lite/lib/python3.10/site-packages/armpi_lite
copying /home/shenmo/ros/ros2ver/ros2_ws/build/armpi_lite/build/lib/armpi_lite/kinematics.py -> /home/shenmo/ros/ros2ver/ros2_ws/install/armpi_lite/lib/python3.10/site-packages/armpi_lite
copying /home/shenmo/ros/ros2ver/ros2_ws/build/armpi_lite/build/lib/armpi_lite/gui_node.py -> /home/shenmo/ros/ros2ver/ros2_ws/install/armpi_lite/lib/python3.10/site-packages/armpi_lite
byte-compiling /home/shenmo/ros/ros2ver/ros2_ws/install/armpi_lite/lib/python3.10/site-packages/armpi_lite/__init__.py to __init__.cpython-310.pyc
byte-compiling /home/shenmo/ros/ros2ver/ros2_ws/install/armpi_lite/lib/python3.10/site-packages/armpi_lite/camera_node.py to camera_node.cpython-310.pyc
byte-compiling /home/shenmo/ros/ros2ver/ros2_ws/install/armpi_lite/lib/python3.10/site-packages/armpi_lite/detect_node.py to detect_node.cpython-310.pyc
byte-compiling /home/shenmo/ros/ros2ver/ros2_ws/install/armpi_lite/lib/python3.10/site-packages/armpi_lite/serial_protocol.py to serial_protocol.cpython-310.pyc
byte-compiling /home/shenmo/ros/ros2ver/ros2_ws/install/armpi_lite/lib/python3.10/site-packages/armpi_lite/arm_node.py to arm_node.cpython-310.pyc
byte-compiling /home/shenmo/ros/ros2ver/ros2_ws/install/armpi_lite/lib/python3.10/site-packages/armpi_lite/kinematics.py to kinematics.cpython-310.pyc
byte-compiling /home/shenmo/ros/ros2ver/ros2_ws/install/armpi_lite/lib/python3.10/site-packages/armpi_lite/gui_node.py to gui_node.cpython-310.pyc
running install_data
copying resource/armpi_lite -> /home/shenmo/ros/ros2ver/ros2_ws/install/armpi_lite/share/ament_index/resource_index/packages
copying package.xml -> /home/shenmo/ros/ros2ver/ros2_ws/install/armpi_lite/share/armpi_lite
copying launch/grasp.launch.py -> /home/shenmo/ros/ros2ver/ros2_ws/install/armpi_lite/share/armpi_lite/launch
copying config/armpi_lite.yaml -> /home/shenmo/ros/ros2ver/ros2_ws/install/armpi_lite/share/armpi_lite/config
copying yolov5_vendor/config/yolov5s.yaml -> /home/shenmo/ros/ros2ver/ros2_ws/install/armpi_lite/share/armpi_lite/yolov5_vendor/config
copying yolov5_vendor/models/__init__.py -> /home/shenmo/ros/ros2ver/ros2_ws/install/armpi_lite/share/armpi_lite/yolov5_vendor/models
copying yolov5_vendor/models/yolo.py -> /home/shenmo/ros/ros2ver/ros2_ws/install/armpi_lite/share/armpi_lite/yolov5_vendor/models
copying yolov5_vendor/models/yolov5s.yaml -> /home/shenmo/ros/ros2ver/ros2_ws/install/armpi_lite/share/armpi_lite/yolov5_vendor/models
copying yolov5_vendor/models/yolov5m.yaml -> /home/shenmo/ros/ros2ver/ros2_ws/install/armpi_lite/share/armpi_lite/yolov5_vendor/models
copying yolov5_vendor/models/experimental.py -> /home/shenmo/ros/ros2ver/ros2_ws/install/armpi_lite/share/armpi_lite/yolov5_vendor/models
copying yolov5_vendor/models/common.py -> /home/shenmo/ros/ros2ver/ros2_ws/install/armpi_lite/share/armpi_lite/yolov5_vendor/models
copying yolov5_vendor/models/yolov5x.yaml -> /home/shenmo/ros/ros2ver/ros2_ws/install/armpi_lite/share/armpi_lite/yolov5_vendor/models
copying yolov5_vendor/models/yolov5l.yaml -> /home/shenmo/ros/ros2ver/ros2_ws/install/armpi_lite/share/armpi_lite/yolov5_vendor/models
copying yolov5_vendor/models/tf.py -> /home/shenmo/ros/ros2ver/ros2_ws/install/armpi_lite/share/armpi_lite/yolov5_vendor/models
copying yolov5_vendor/models/yolov5n.yaml -> /home/shenmo/ros/ros2ver/ros2_ws/install/armpi_lite/share/armpi_lite/yolov5_vendor/models
copying yolov5_vendor/models/pruned_common.py -> /home/shenmo/ros/ros2ver/ros2_ws/install/armpi_lite/share/armpi_lite/yolov5_vendor/models
copying yolov5_vendor/models/hub/yolov5-panet.yaml -> /home/shenmo/ros/ros2ver/ros2_ws/install/armpi_lite/share/armpi_lite/yolov5_vendor/models/hub
copying yolov5_vendor/models/hub/yolov3-tiny.yaml -> /home/shenmo/ros/ros2ver/ros2_ws/install/armpi_lite/share/armpi_lite/yolov5_vendor/models/hub
copying yolov5_vendor/models/hub/yolov5-p6.yaml -> /home/shenmo/ros/ros2ver/ros2_ws/install/armpi_lite/share/armpi_lite/yolov5_vendor/models/hub
copying yolov5_vendor/models/hub/yolov5m6.yaml -> /home/shenmo/ros/ros2ver/ros2_ws/install/armpi_lite/share/armpi_lite/yolov5_vendor/models/hub
copying yolov5_vendor/models/hub/yolov3-spp.yaml -> /home/shenmo/ros/ros2ver/ros2_ws/install/armpi_lite/share/armpi_lite/yolov5_vendor/models/hub
copying yolov5_vendor/models/hub/yolov5n6.yaml -> /home/shenmo/ros/ros2ver/ros2_ws/install/armpi_lite/share/armpi_lite/yolov5_vendor/models/hub
copying yolov5_vendor/models/hub/yolov5x6.yaml -> /home/shenmo/ros/ros2ver/ros2_ws/install/armpi_lite/share/armpi_lite/yolov5_vendor/models/hub
copying yolov5_vendor/models/hub/yolov5s6.yaml -> /home/shenmo/ros/ros2ver/ros2_ws/install/armpi_lite/share/armpi_lite/yolov5_vendor/models/hub
copying yolov5_vendor/models/hub/yolov5-bifpn.yaml -> /home/shenmo/ros/ros2ver/ros2_ws/install/armpi_lite/share/armpi_lite/yolov5_vendor/models/hub
copying yolov5_vendor/models/hub/yolov5-p7.yaml -> /home/shenmo/ros/ros2ver/ros2_ws/install/armpi_lite/share/armpi_lite/yolov5_vendor/models/hub
copying yolov5_vendor/models/hub/yolov5-fpn.yaml -> /home/shenmo/ros/ros2ver/ros2_ws/install/armpi_lite/share/armpi_lite/yolov5_vendor/models/hub
copying yolov5_vendor/models/hub/yolov5l6.yaml -> /home/shenmo/ros/ros2ver/ros2_ws/install/armpi_lite/share/armpi_lite/yolov5_vendor/models/hub
copying yolov5_vendor/models/hub/anchors.yaml -> /home/shenmo/ros/ros2ver/ros2_ws/install/armpi_lite/share/armpi_lite/yolov5_vendor/models/hub
copying yolov5_vendor/models/hub/yolov3.yaml -> /home/shenmo/ros/ros2ver/ros2_ws/install/armpi_lite/share/armpi_lite/yolov5_vendor/models/hub
copying yolov5_vendor/models/hub/yolov5-p2.yaml -> /home/shenmo/ros/ros2ver/ros2_ws/install/armpi_lite/share/armpi_lite/yolov5_vendor/models/hub
copying yolov5_vendor/models/hub/yolov5s-transformer.yaml -> /home/shenmo/ros/ros2ver/ros2_ws/install/armpi_lite/share/armpi_lite/yolov5_vendor/models/hub
copying yolov5_vendor/models/hub/yolov5s-ghost.yaml -> /home/shenmo/ros/ros2ver/ros2_ws/install/armpi_lite/share/armpi_lite/yolov5_vendor/models/hub
copying yolov5_vendor/weights/best.pt -> /home/shenmo/ros/ros2ver/ros2_ws/install/armpi_lite/share/armpi_lite/yolov5_vendor/weights
copying yolov5_vendor/utils/loss.py -> /home/shenmo/ros/ros2ver/ros2_ws/install/armpi_lite/share/armpi_lite/yolov5_vendor/utils
copying yolov5_vendor/utils/augmentations.py -> /home/shenmo/ros/ros2ver/ros2_ws/install/armpi_lite/share/armpi_lite/yolov5_vendor/utils
copying yolov5_vendor/utils/__init__.py -> /home/shenmo/ros/ros2ver/ros2_ws/install/armpi_lite/share/armpi_lite/yolov5_vendor/utils
copying yolov5_vendor/utils/callbacks.py -> /home/shenmo/ros/ros2ver/ros2_ws/install/armpi_lite/share/armpi_lite/yolov5_vendor/utils
copying yolov5_vendor/utils/activations.py -> /home/shenmo/ros/ros2ver/ros2_ws/install/armpi_lite/share/armpi_lite/yolov5_vendor/utils
copying yolov5_vendor/utils/metrics.py -> /home/shenmo/ros/ros2ver/ros2_ws/install/armpi_lite/share/armpi_lite/yolov5_vendor/utils
copying yolov5_vendor/utils/downloads.py -> /home/shenmo/ros/ros2ver/ros2_ws/install/armpi_lite/share/armpi_lite/yolov5_vendor/utils
copying yolov5_vendor/utils/general.py -> /home/shenmo/ros/ros2ver/ros2_ws/install/armpi_lite/share/armpi_lite/yolov5_vendor/utils
copying yolov5_vendor/utils/plots.py -> /home/shenmo/ros/ros2ver/ros2_ws/install/armpi_lite/share/armpi_lite/yolov5_vendor/utils
copying yolov5_vendor/utils/datasets.py -> /home/shenmo/ros/ros2ver/ros2_ws/install/armpi_lite/share/armpi_lite/yolov5_vendor/utils
copying yolov5_vendor/utils/autoanchor.py -> /home/shenmo/ros/ros2ver/ros2_ws/install/armpi_lite/share/armpi_lite/yolov5_vendor/utils
copying yolov5_vendor/utils/torch_utils.py -> /home/shenmo/ros/ros2ver/ros2_ws/install/armpi_lite/share/armpi_lite/yolov5_vendor/utils
copying yolov5_vendor/utils/google_app_engine/Dockerfile -> /home/shenmo/ros/ros2ver/ros2_ws/install/armpi_lite/share/armpi_lite/yolov5_vendor/utils/google_app_engine
copying yolov5_vendor/utils/google_app_engine/additional_requirements.txt -> /home/shenmo/ros/ros2ver/ros2_ws/install/armpi_lite/share/armpi_lite/yolov5_vendor/utils/google_app_engine
copying yolov5_vendor/utils/google_app_engine/app.yaml -> /home/shenmo/ros/ros2ver/ros2_ws/install/armpi_lite/share/armpi_lite/yolov5_vendor/utils/google_app_engine
copying yolov5_vendor/utils/loggers/__init__.py -> /home/shenmo/ros/ros2ver/ros2_ws/install/armpi_lite/share/armpi_lite/yolov5_vendor/utils/loggers
copying yolov5_vendor/utils/loggers/wandb/log_dataset.py -> /home/shenmo/ros/ros2ver/ros2_ws/install/armpi_lite/share/armpi_lite/yolov5_vendor/utils/loggers/wandb
copying yolov5_vendor/utils/loggers/wandb/__init__.py -> /home/shenmo/ros/ros2ver/ros2_ws/install/armpi_lite/share/armpi_lite/yolov5_vendor/utils/loggers/wandb
copying yolov5_vendor/utils/loggers/wandb/sweep.yaml -> /home/shenmo/ros/ros2ver/ros2_ws/install/armpi_lite/share/armpi_lite/yolov5_vendor/utils/loggers/wandb
copying yolov5_vendor/utils/loggers/wandb/sweep.py -> /home/shenmo/ros/ros2ver/ros2_ws/install/armpi_lite/share/armpi_lite/yolov5_vendor/utils/loggers/wandb
copying yolov5_vendor/utils/loggers/wandb/README.md -> /home/shenmo/ros/ros2ver/ros2_ws/install/armpi_lite/share/armpi_lite/yolov5_vendor/utils/loggers/wandb
copying yolov5_vendor/utils/loggers/wandb/wandb_utils.py -> /home/shenmo/ros/ros2ver/ros2_ws/install/armpi_lite/share/armpi_lite/yolov5_vendor/utils/loggers/wandb
copying yolov5_vendor/utils/aws/__init__.py -> /home/shenmo/ros/ros2ver/ros2_ws/install/armpi_lite/share/armpi_lite/yolov5_vendor/utils/aws
copying yolov5_vendor/utils/aws/userdata.sh -> /home/shenmo/ros/ros2ver/ros2_ws/install/armpi_lite/share/armpi_lite/yolov5_vendor/utils/aws
copying yolov5_vendor/utils/aws/resume.py -> /home/shenmo/ros/ros2ver/ros2_ws/install/armpi_lite/share/armpi_lite/yolov5_vendor/utils/aws
copying yolov5_vendor/utils/aws/mime.sh -> /home/shenmo/ros/ros2ver/ros2_ws/install/armpi_lite/share/armpi_lite/yolov5_vendor/utils/aws
copying yolov5_vendor/utils/flask_rest_api/example_request.py -> /home/shenmo/ros/ros2ver/ros2_ws/install/armpi_lite/share/armpi_lite/yolov5_vendor/utils/flask_rest_api
copying yolov5_vendor/utils/flask_rest_api/restapi.py -> /home/shenmo/ros/ros2ver/ros2_ws/install/armpi_lite/share/armpi_lite/yolov5_vendor/utils/flask_rest_api
copying yolov5_vendor/utils/flask_rest_api/README.md -> /home/shenmo/ros/ros2ver/ros2_ws/install/armpi_lite/share/armpi_lite/yolov5_vendor/utils/flask_rest_api
running install_egg_info
removing '/home/shenmo/ros/ros2ver/ros2_ws/install/armpi_lite/lib/python3.10/site-packages/armpi_lite-0.1.0-py3.10.egg-info' (and everything under it)
Copying ../../build/armpi_lite/armpi_lite.egg-info to /home/shenmo/ros/ros2ver/ros2_ws/install/armpi_lite/lib/python3.10/site-packages/armpi_lite-0.1.0-py3.10.egg-info
running install_scripts
Installing arm_node script to /home/shenmo/ros/ros2ver/ros2_ws/install/armpi_lite/lib/armpi_lite
Installing camera_node script to /home/shenmo/ros/ros2ver/ros2_ws/install/armpi_lite/lib/armpi_lite
Installing detect_node script to /home/shenmo/ros/ros2ver/ros2_ws/install/armpi_lite/lib/armpi_lite
Installing gui_node script to /home/shenmo/ros/ros2ver/ros2_ws/install/armpi_lite/lib/armpi_lite
writing list of installed files to '/home/shenmo/ros/ros2ver/ros2_ws/build/armpi_lite/install.log'
