[1.011s] Invoking command in '/home/shenmo/ros/ros2ver/ros2_ws/src/armpi_lite': PYTHONPATH=/home/shenmo/ros/ros2ver/ros2_ws/build/armpi_lite/prefix_override:/usr/lib/python3/dist-packages/colcon_core/task/python/colcon_distutils_commands:/home/shenmo/ros/ros2ver/ros2_ws/install/armpi_lite/lib/python3.10/site-packages:${PYTHONPATH} /usr/bin/python3 -W ignore:setup.py install is deprecated -W ignore:easy_install command is deprecated setup.py egg_info --egg-base ../../build/armpi_lite build --build-base /home/shenmo/ros/ros2ver/ros2_ws/build/armpi_lite/build install --record /home/shenmo/ros/ros2ver/ros2_ws/build/armpi_lite/install.log --install-scripts $base/lib/armpi_lite --single-version-externally-managed install_data
[1.260s] running egg_info
[1.260s] writing ../../build/armpi_lite/armpi_lite.egg-info/PKG-INFO
[1.260s] writing dependency_links to ../../build/armpi_lite/armpi_lite.egg-info/dependency_links.txt
[1.261s] writing entry points to ../../build/armpi_lite/armpi_lite.egg-info/entry_points.txt
[1.261s] writing requirements to ../../build/armpi_lite/armpi_lite.egg-info/requires.txt
[1.261s] writing top-level names to ../../build/armpi_lite/armpi_lite.egg-info/top_level.txt
[1.265s] reading manifest file '../../build/armpi_lite/armpi_lite.egg-info/SOURCES.txt'
[1.267s] writing manifest file '../../build/armpi_lite/armpi_lite.egg-info/SOURCES.txt'
[1.268s] running build
[1.268s] running build_py
[1.268s] copying armpi_lite/serial_protocol.py -> /home/shenmo/ros/ros2ver/ros2_ws/build/armpi_lite/build/lib/armpi_lite
[1.268s] copying armpi_lite/arm_node.py -> /home/shenmo/ros/ros2ver/ros2_ws/build/armpi_lite/build/lib/armpi_lite
[1.269s] copying armpi_lite/gui_node.py -> /home/shenmo/ros/ros2ver/ros2_ws/build/armpi_lite/build/lib/armpi_lite
[1.270s] running install
[1.270s] running install_lib
[1.272s] copying /home/shenmo/ros/ros2ver/ros2_ws/build/armpi_lite/build/lib/armpi_lite/serial_protocol.py -> /home/shenmo/ros/ros2ver/ros2_ws/install/armpi_lite/lib/python3.10/site-packages/armpi_lite
[1.273s] copying /home/shenmo/ros/ros2ver/ros2_ws/build/armpi_lite/build/lib/armpi_lite/arm_node.py -> /home/shenmo/ros/ros2ver/ros2_ws/install/armpi_lite/lib/python3.10/site-packages/armpi_lite
[1.273s] copying /home/shenmo/ros/ros2ver/ros2_ws/build/armpi_lite/build/lib/armpi_lite/gui_node.py -> /home/shenmo/ros/ros2ver/ros2_ws/install/armpi_lite/lib/python3.10/site-packages/armpi_lite
[1.274s] byte-compiling /home/shenmo/ros/ros2ver/ros2_ws/install/armpi_lite/lib/python3.10/site-packages/armpi_lite/serial_protocol.py to serial_protocol.cpython-310.pyc
[1.276s] byte-compiling /home/shenmo/ros/ros2ver/ros2_ws/install/armpi_lite/lib/python3.10/site-packages/armpi_lite/arm_node.py to arm_node.cpython-310.pyc
[1.278s] byte-compiling /home/shenmo/ros/ros2ver/ros2_ws/install/armpi_lite/lib/python3.10/site-packages/armpi_lite/gui_node.py to gui_node.cpython-310.pyc
[1.280s] running install_data
[1.281s] copying config/armpi_lite.yaml -> /home/shenmo/ros/ros2ver/ros2_ws/install/armpi_lite/share/armpi_lite/config
[1.284s] running install_egg_info
[1.286s] removing '/home/shenmo/ros/ros2ver/ros2_ws/install/armpi_lite/lib/python3.10/site-packages/armpi_lite-0.1.0-py3.10.egg-info' (and everything under it)
[1.287s] Copying ../../build/armpi_lite/armpi_lite.egg-info to /home/shenmo/ros/ros2ver/ros2_ws/install/armpi_lite/lib/python3.10/site-packages/armpi_lite-0.1.0-py3.10.egg-info
[1.289s] running install_scripts
[1.315s] Installing arm_node script to /home/shenmo/ros/ros2ver/ros2_ws/install/armpi_lite/lib/armpi_lite
[1.316s] Installing camera_node script to /home/shenmo/ros/ros2ver/ros2_ws/install/armpi_lite/lib/armpi_lite
[1.316s] Installing detect_node script to /home/shenmo/ros/ros2ver/ros2_ws/install/armpi_lite/lib/armpi_lite
[1.316s] Installing gui_node script to /home/shenmo/ros/ros2ver/ros2_ws/install/armpi_lite/lib/armpi_lite
[1.317s] writing list of installed files to '/home/shenmo/ros/ros2ver/ros2_ws/build/armpi_lite/install.log'
[1.353s] Invoked command in '/home/shenmo/ros/ros2ver/ros2_ws/src/armpi_lite' returned '0': PYTHONPATH=/home/shenmo/ros/ros2ver/ros2_ws/build/armpi_lite/prefix_override:/usr/lib/python3/dist-packages/colcon_core/task/python/colcon_distutils_commands:/home/shenmo/ros/ros2ver/ros2_ws/install/armpi_lite/lib/python3.10/site-packages:${PYTHONPATH} /usr/bin/python3 -W ignore:setup.py install is deprecated -W ignore:easy_install command is deprecated setup.py egg_info --egg-base ../../build/armpi_lite build --build-base /home/shenmo/ros/ros2ver/ros2_ws/build/armpi_lite/build install --record /home/shenmo/ros/ros2ver/ros2_ws/build/armpi_lite/install.log --install-scripts $base/lib/armpi_lite --single-version-externally-managed install_data
