<?xml version="1.0" encoding="ISO-8859-1" ?>
<link_info>
   <banner>TI ARM Clang Linker PC v4.0.4.LTS</banner>
   <copyright>Copyright (c) 1996-2018 Texas Instruments Incorporated</copyright>
   <command_line>E:\ti\ccs2050\ccs\tools\compiler\ti-cgt-armllvm_4.0.4.LTS\bin\tiarmlnk -IE:\ti\ccs2050\ccs\tools\compiler\ti-cgt-armllvm_4.0.4.LTS\lib -o yuntai_5_spi_oled.out -myuntai_5_spi_oled.map -iC:/TI/mspm0_sdk_2_10_00_04/source -iC:/Users/37558/workspace_ccstheia/yuntai_5_spi_oled -iC:/Users/37558/workspace_ccstheia/yuntai_5_spi_oled/Debug/syscfg -iE:/ti/ccs2050/ccs/tools/compiler/ti-cgt-armllvm_4.0.4.LTS/lib --diag_wrap=off --display_error_number --warn_sections --xml_link_info=yuntai_5_spi_oled_linkInfo.xml --rom_model ./delay.o ./empty.o ./ti_msp_dl_config.o ./startup_mspm0g350x_ticlang.o ./oled.o -l./device_linker.cmd -ldevice.cmd.genlibs -llibc.a --start-group -llibc++.a -llibc++abi.a -llibc.a -llibsys.a -llibsysbm.a -llibclang_rt.builtins.a -llibclang_rt.profile.a --end-group --cg_opt_level=0</command_line>
   <link_time>0x6a1b2533</link_time>
   <link_errors>0x0</link_errors>
   <output_file>C:\Users\37558\workspace_ccstheia\yuntai_5_spi_oled\Debug\yuntai_5_spi_oled.out</output_file>
   <entry_point>
      <name>_c_int00_noargs</name>
      <address>0x3315</address>
   </entry_point>
   <input_file_list>
      <input_file id="fl-1">
         <path>C:\Users\37558\workspace_ccstheia\yuntai_5_spi_oled\Debug\.\</path>
         <kind>object</kind>
         <file>delay.o</file>
         <name>delay.o</name>
      </input_file>
      <input_file id="fl-2">
         <path>C:\Users\37558\workspace_ccstheia\yuntai_5_spi_oled\Debug\.\</path>
         <kind>object</kind>
         <file>empty.o</file>
         <name>empty.o</name>
      </input_file>
      <input_file id="fl-3">
         <path>C:\Users\37558\workspace_ccstheia\yuntai_5_spi_oled\Debug\.\</path>
         <kind>object</kind>
         <file>ti_msp_dl_config.o</file>
         <name>ti_msp_dl_config.o</name>
      </input_file>
      <input_file id="fl-4">
         <path>C:\Users\37558\workspace_ccstheia\yuntai_5_spi_oled\Debug\.\</path>
         <kind>object</kind>
         <file>startup_mspm0g350x_ticlang.o</file>
         <name>startup_mspm0g350x_ticlang.o</name>
      </input_file>
      <input_file id="fl-5">
         <path>C:\Users\37558\workspace_ccstheia\yuntai_5_spi_oled\Debug\.\</path>
         <kind>object</kind>
         <file>oled.o</file>
         <name>oled.o</name>
      </input_file>
      <input_file id="fl-12">
         <path>C:\Users\37558\workspace_ccstheia\yuntai_5_spi_oled\Debug\</path>
         <kind>object</kind>
         <file>&lt;internal&gt;</file>
         <name>&lt;internal&gt;</name>
      </input_file>
      <input_file id="fl-13">
         <path>C:\TI\mspm0_sdk_2_10_00_04\source\ti\driverlib\lib\ticlang\m0p\mspm0g1x0x_g3x0x\</path>
         <kind>archive</kind>
         <file>driverlib.a</file>
         <name>dl_common.o</name>
      </input_file>
      <input_file id="fl-14">
         <path>C:\TI\mspm0_sdk_2_10_00_04\source\ti\driverlib\lib\ticlang\m0p\mspm0g1x0x_g3x0x\</path>
         <kind>archive</kind>
         <file>driverlib.a</file>
         <name>dl_spi.o</name>
      </input_file>
      <input_file id="fl-15">
         <path>C:\TI\mspm0_sdk_2_10_00_04\source\ti\driverlib\lib\ticlang\m0p\mspm0g1x0x_g3x0x\</path>
         <kind>archive</kind>
         <file>driverlib.a</file>
         <name>dl_sysctl_mspm0g1x0x_g3x0x.o</name>
      </input_file>
      <input_file id="fl-2c">
         <path>E:\ti\ccs2050\ccs\tools\compiler\ti-cgt-armllvm_4.0.4.LTS\lib\armv6m-ti-none-eabi\c\</path>
         <kind>archive</kind>
         <file>libc.a</file>
         <name>boot_cortex_m.c.obj</name>
      </input_file>
      <input_file id="fl-2d">
         <path>E:\ti\ccs2050\ccs\tools\compiler\ti-cgt-armllvm_4.0.4.LTS\lib\armv6m-ti-none-eabi\c\</path>
         <kind>archive</kind>
         <file>libc.a</file>
         <name>mathacl_init.c.obj</name>
      </input_file>
      <input_file id="fl-2e">
         <path>E:\ti\ccs2050\ccs\tools\compiler\ti-cgt-armllvm_4.0.4.LTS\lib\armv6m-ti-none-eabi\c\</path>
         <kind>archive</kind>
         <file>libc.a</file>
         <name>autoinit.c.obj</name>
      </input_file>
      <input_file id="fl-2f">
         <path>E:\ti\ccs2050\ccs\tools\compiler\ti-cgt-armllvm_4.0.4.LTS\lib\armv6m-ti-none-eabi\c\</path>
         <kind>archive</kind>
         <file>libc.a</file>
         <name>pre_init.c.obj</name>
      </input_file>
      <input_file id="fl-30">
         <path>E:\ti\ccs2050\ccs\tools\compiler\ti-cgt-armllvm_4.0.4.LTS\lib\armv6m-ti-none-eabi\c\</path>
         <kind>archive</kind>
         <file>libc.a</file>
         <name>cpy_tbl.c.obj</name>
      </input_file>
      <input_file id="fl-31">
         <path>E:\ti\ccs2050\ccs\tools\compiler\ti-cgt-armllvm_4.0.4.LTS\lib\armv6m-ti-none-eabi\c\</path>
         <kind>archive</kind>
         <file>libc.a</file>
         <name>copy_zero_init.c.obj</name>
      </input_file>
      <input_file id="fl-32">
         <path>E:\ti\ccs2050\ccs\tools\compiler\ti-cgt-armllvm_4.0.4.LTS\lib\armv6m-ti-none-eabi\c\</path>
         <kind>archive</kind>
         <file>libc.a</file>
         <name>copy_decompress_none.c.obj</name>
      </input_file>
      <input_file id="fl-33">
         <path>E:\ti\ccs2050\ccs\tools\compiler\ti-cgt-armllvm_4.0.4.LTS\lib\armv6m-ti-none-eabi\c\</path>
         <kind>archive</kind>
         <file>libc.a</file>
         <name>copy_decompress_lzss.c.obj</name>
      </input_file>
      <input_file id="fl-34">
         <path>E:\ti\ccs2050\ccs\tools\compiler\ti-cgt-armllvm_4.0.4.LTS\lib\armv6m-ti-none-eabi\c\</path>
         <kind>archive</kind>
         <file>libc.a</file>
         <name>exit.c.obj</name>
      </input_file>
      <input_file id="fl-35">
         <path>E:\ti\ccs2050\ccs\tools\compiler\ti-cgt-armllvm_4.0.4.LTS\lib\armv6m-ti-none-eabi\c\</path>
         <kind>archive</kind>
         <file>libc.a</file>
         <name>_lock.c.obj</name>
      </input_file>
      <input_file id="fl-36">
         <path>E:\ti\ccs2050\ccs\tools\compiler\ti-cgt-armllvm_4.0.4.LTS\lib\armv6m-ti-none-eabi\c\</path>
         <kind>archive</kind>
         <file>libc.a</file>
         <name>args_main.c.obj</name>
      </input_file>
      <input_file id="fl-d6">
         <path>E:\ti\ccs2050\ccs\tools\compiler\ti-cgt-armllvm_4.0.4.LTS\lib\armv6m-ti-none-eabi\c\</path>
         <kind>archive</kind>
         <file>libsysbm.a</file>
         <name>hostexit.c.obj</name>
      </input_file>
      <input_file id="fl-d7">
         <path>E:\ti\ccs2050\ccs\tools\compiler\ti-cgt-armllvm_4.0.4.LTS\lib\armv6m-ti-none-eabi\</path>
         <kind>archive</kind>
         <file>libclang_rt.builtins.a</file>
         <name>floatunsidf.S.obj</name>
      </input_file>
      <input_file id="fl-d8">
         <path>E:\ti\ccs2050\ccs\tools\compiler\ti-cgt-armllvm_4.0.4.LTS\lib\armv6m-ti-none-eabi\</path>
         <kind>archive</kind>
         <file>libclang_rt.builtins.a</file>
         <name>aeabi_dcmp.S.obj</name>
      </input_file>
      <input_file id="fl-d9">
         <path>E:\ti\ccs2050\ccs\tools\compiler\ti-cgt-armllvm_4.0.4.LTS\lib\armv6m-ti-none-eabi\</path>
         <kind>archive</kind>
         <file>libclang_rt.builtins.a</file>
         <name>aeabi_memcpy.S.obj</name>
      </input_file>
      <input_file id="fl-da">
         <path>E:\ti\ccs2050\ccs\tools\compiler\ti-cgt-armllvm_4.0.4.LTS\lib\armv6m-ti-none-eabi\</path>
         <kind>archive</kind>
         <file>libclang_rt.builtins.a</file>
         <name>aeabi_memset.S.obj</name>
      </input_file>
      <input_file id="fl-db">
         <path>E:\ti\ccs2050\ccs\tools\compiler\ti-cgt-armllvm_4.0.4.LTS\lib\armv6m-ti-none-eabi\</path>
         <kind>archive</kind>
         <file>libclang_rt.builtins.a</file>
         <name>aeabi_uidivmod.S.obj</name>
      </input_file>
      <input_file id="fl-dc">
         <path>E:\ti\ccs2050\ccs\tools\compiler\ti-cgt-armllvm_4.0.4.LTS\lib\armv6m-ti-none-eabi\</path>
         <kind>archive</kind>
         <file>libclang_rt.builtins.a</file>
         <name>comparedf2.c.obj</name>
      </input_file>
      <input_file id="fl-dd">
         <path>E:\ti\ccs2050\ccs\tools\compiler\ti-cgt-armllvm_4.0.4.LTS\lib\armv6m-ti-none-eabi\</path>
         <kind>archive</kind>
         <file>libclang_rt.builtins.a</file>
         <name>aeabi_div0.c.obj</name>
      </input_file>
      <input_file id="fl-de">
         <path>E:\ti\ccs2050\ccs\tools\compiler\ti-cgt-armllvm_4.0.4.LTS\lib\armv6m-ti-none-eabi\c\</path>
         <kind>archive</kind>
         <file>libc.a</file>
         <name>memcpy16.S.obj</name>
      </input_file>
      <input_file id="fl-df">
         <path>E:\ti\ccs2050\ccs\tools\compiler\ti-cgt-armllvm_4.0.4.LTS\lib\armv6m-ti-none-eabi\c\</path>
         <kind>archive</kind>
         <file>libc.a</file>
         <name>memset16.S.obj</name>
      </input_file>
   </input_file_list>
   <object_component_list>
      <object_component id="oc-18">
         <name>.intvecs</name>
         <load_address>0x0</load_address>
         <readonly>true</readonly>
         <run_address>0x0</run_address>
         <size>0xc0</size>
         <alignment>0x4</alignment>
         <input_file_ref idref="fl-4"/>
      </object_component>
      <object_component id="oc-63">
         <name>.text.main</name>
         <load_address>0x1f30</load_address>
         <readonly>true</readonly>
         <executable>true</executable>
         <run_address>0x1f30</run_address>
         <size>0x210</size>
         <alignment>0x4</alignment>
         <input_file_ref idref="fl-2"/>
      </object_component>
      <object_component id="oc-90">
         <name>.text.OLED_ShowChar</name>
         <load_address>0x2140</load_address>
         <readonly>true</readonly>
         <executable>true</executable>
         <run_address>0x2140</run_address>
         <size>0x1d0</size>
         <alignment>0x4</alignment>
         <input_file_ref idref="fl-5"/>
      </object_component>
      <object_component id="oc-8e">
         <name>.text.OLED_ShowChinese</name>
         <load_address>0x2310</load_address>
         <readonly>true</readonly>
         <executable>true</executable>
         <run_address>0x2310</run_address>
         <size>0x1a0</size>
         <alignment>0x4</alignment>
         <input_file_ref idref="fl-5"/>
      </object_component>
      <object_component id="oc-92">
         <name>.text.OLED_ScrollDisplay</name>
         <load_address>0x24b0</load_address>
         <readonly>true</readonly>
         <executable>true</executable>
         <run_address>0x24b0</run_address>
         <size>0x14c</size>
         <alignment>0x4</alignment>
         <input_file_ref idref="fl-5"/>
      </object_component>
      <object_component id="oc-87">
         <name>.text.OLED_ShowPicture</name>
         <load_address>0x25fc</load_address>
         <readonly>true</readonly>
         <executable>true</executable>
         <run_address>0x25fc</run_address>
         <size>0x13e</size>
         <alignment>0x2</alignment>
         <input_file_ref idref="fl-5"/>
      </object_component>
      <object_component id="oc-11b">
         <name>.text.__aeabi_idiv0</name>
         <load_address>0x273a</load_address>
         <readonly>true</readonly>
         <executable>true</executable>
         <run_address>0x273a</run_address>
         <size>0x2</size>
         <alignment>0x2</alignment>
         <input_file_ref idref="fl-dd"/>
      </object_component>
      <object_component id="oc-80">
         <name>.text.OLED_Init</name>
         <load_address>0x273c</load_address>
         <readonly>true</readonly>
         <executable>true</executable>
         <run_address>0x273c</run_address>
         <size>0x120</size>
         <alignment>0x4</alignment>
         <input_file_ref idref="fl-5"/>
      </object_component>
      <object_component id="oc-103">
         <name>.text.SYSCFG_DL_SYSCTL_SYSPLL_init</name>
         <load_address>0x285c</load_address>
         <readonly>true</readonly>
         <executable>true</executable>
         <run_address>0x285c</run_address>
         <size>0xe8</size>
         <alignment>0x4</alignment>
         <input_file_ref idref="fl-3"/>
      </object_component>
      <object_component id="oc-91">
         <name>.text.OLED_ShowNum</name>
         <load_address>0x2944</load_address>
         <readonly>true</readonly>
         <executable>true</executable>
         <run_address>0x2944</run_address>
         <size>0xe2</size>
         <alignment>0x2</alignment>
         <input_file_ref idref="fl-5"/>
      </object_component>
      <object_component id="oc-102">
         <name>.text.DL_SYSCTL_configSYSPLL</name>
         <load_address>0x2a28</load_address>
         <readonly>true</readonly>
         <executable>true</executable>
         <run_address>0x2a28</run_address>
         <size>0xdc</size>
         <alignment>0x4</alignment>
         <input_file_ref idref="fl-15"/>
      </object_component>
      <object_component id="oc-8f">
         <name>.text.OLED_ShowString</name>
         <load_address>0x2b04</load_address>
         <readonly>true</readonly>
         <executable>true</executable>
         <run_address>0x2b04</run_address>
         <size>0x9a</size>
         <alignment>0x2</alignment>
         <input_file_ref idref="fl-5"/>
      </object_component>
      <object_component id="oc-c7">
         <name>.text.OLED_DrawPoint</name>
         <load_address>0x2ba0</load_address>
         <readonly>true</readonly>
         <executable>true</executable>
         <run_address>0x2ba0</run_address>
         <size>0x90</size>
         <alignment>0x4</alignment>
         <input_file_ref idref="fl-5"/>
      </object_component>
      <object_component id="oc-88">
         <name>.text.OLED_Refresh</name>
         <load_address>0x2c30</load_address>
         <readonly>true</readonly>
         <executable>true</executable>
         <run_address>0x2c30</run_address>
         <size>0x7c</size>
         <alignment>0x4</alignment>
         <input_file_ref idref="fl-5"/>
      </object_component>
      <object_component id="oc-1c">
         <name>.text:decompress:lzss</name>
         <load_address>0x2cac</load_address>
         <readonly>true</readonly>
         <executable>true</executable>
         <run_address>0x2cac</run_address>
         <size>0x7c</size>
         <alignment>0x4</alignment>
         <input_file_ref idref="fl-33"/>
      </object_component>
      <object_component id="oc-c4">
         <name>.text.OLED_WR_Byte</name>
         <load_address>0x2d28</load_address>
         <readonly>true</readonly>
         <executable>true</executable>
         <run_address>0x2d28</run_address>
         <size>0x74</size>
         <alignment>0x4</alignment>
         <input_file_ref idref="fl-5"/>
      </object_component>
      <object_component id="oc-bc">
         <name>.text.SYSCFG_DL_GPIO_init</name>
         <load_address>0x2d9c</load_address>
         <readonly>true</readonly>
         <executable>true</executable>
         <run_address>0x2d9c</run_address>
         <size>0x74</size>
         <alignment>0x4</alignment>
         <input_file_ref idref="fl-3"/>
      </object_component>
      <object_component id="oc-bd">
         <name>.text.SYSCFG_DL_SYSCTL_init</name>
         <load_address>0x2e10</load_address>
         <readonly>true</readonly>
         <executable>true</executable>
         <run_address>0x2e10</run_address>
         <size>0x74</size>
         <alignment>0x4</alignment>
         <input_file_ref idref="fl-3"/>
      </object_component>
      <object_component id="oc-148">
         <name>.text.__gedf2</name>
         <load_address>0x2e84</load_address>
         <readonly>true</readonly>
         <executable>true</executable>
         <run_address>0x2e84</run_address>
         <size>0x74</size>
         <alignment>0x4</alignment>
         <input_file_ref idref="fl-dc"/>
      </object_component>
      <object_component id="oc-142">
         <name>.text.__ledf2</name>
         <load_address>0x2ef8</load_address>
         <readonly>true</readonly>
         <executable>true</executable>
         <run_address>0x2ef8</run_address>
         <size>0x68</size>
         <alignment>0x4</alignment>
         <input_file_ref idref="fl-dc"/>
      </object_component>
      <object_component id="oc-fc">
         <name>.text.DL_SYSCTL_setHFCLKSourceHFXTParams</name>
         <load_address>0x2f60</load_address>
         <readonly>true</readonly>
         <executable>true</executable>
         <run_address>0x2f60</run_address>
         <size>0x64</size>
         <alignment>0x4</alignment>
         <input_file_ref idref="fl-15"/>
      </object_component>
      <object_component id="oc-138">
         <name>.text.__aeabi_dcmp</name>
         <load_address>0x2fc4</load_address>
         <readonly>true</readonly>
         <executable>true</executable>
         <run_address>0x2fc4</run_address>
         <size>0x62</size>
         <alignment>0x4</alignment>
         <input_file_ref idref="fl-d8"/>
      </object_component>
      <object_component id="oc-8d">
         <name>.text.OLED_Clear</name>
         <load_address>0x3028</load_address>
         <readonly>true</readonly>
         <executable>true</executable>
         <run_address>0x3028</run_address>
         <size>0x60</size>
         <alignment>0x4</alignment>
         <input_file_ref idref="fl-5"/>
      </object_component>
      <object_component id="oc-86">
         <name>.text.OLED_DisplayTurn</name>
         <load_address>0x3088</load_address>
         <readonly>true</readonly>
         <executable>true</executable>
         <run_address>0x3088</run_address>
         <size>0x48</size>
         <alignment>0x2</alignment>
         <input_file_ref idref="fl-5"/>
      </object_component>
      <object_component id="oc-10f">
         <name>.text.DL_SPI_init</name>
         <load_address>0x30d0</load_address>
         <readonly>true</readonly>
         <executable>true</executable>
         <run_address>0x30d0</run_address>
         <size>0x44</size>
         <alignment>0x4</alignment>
         <input_file_ref idref="fl-14"/>
      </object_component>
      <object_component id="oc-107">
         <name>.text.DL_SYSCTL_switchMCLKfromSYSOSCtoHSCLK</name>
         <load_address>0x3114</load_address>
         <readonly>true</readonly>
         <executable>true</executable>
         <run_address>0x3114</run_address>
         <size>0x44</size>
         <alignment>0x4</alignment>
         <input_file_ref idref="fl-15"/>
      </object_component>
      <object_component id="oc-bb">
         <name>.text.SYSCFG_DL_initPower</name>
         <load_address>0x3158</load_address>
         <readonly>true</readonly>
         <executable>true</executable>
         <run_address>0x3158</run_address>
         <size>0x44</size>
         <alignment>0x4</alignment>
         <input_file_ref idref="fl-3"/>
      </object_component>
      <object_component id="oc-be">
         <name>.text.SYSCFG_DL_SPI_0_init</name>
         <load_address>0x319c</load_address>
         <readonly>true</readonly>
         <executable>true</executable>
         <run_address>0x319c</run_address>
         <size>0x40</size>
         <alignment>0x4</alignment>
         <input_file_ref idref="fl-3"/>
      </object_component>
      <object_component id="oc-d8">
         <name>.text.__aeabi_uidivmod</name>
         <load_address>0x31dc</load_address>
         <readonly>true</readonly>
         <executable>true</executable>
         <run_address>0x31dc</run_address>
         <size>0x40</size>
         <alignment>0x4</alignment>
         <input_file_ref idref="fl-db"/>
      </object_component>
      <object_component id="oc-a2">
         <name>.text:__TI_auto_init_nobinit_nopinit</name>
         <load_address>0x321c</load_address>
         <readonly>true</readonly>
         <executable>true</executable>
         <run_address>0x321c</run_address>
         <size>0x3c</size>
         <alignment>0x4</alignment>
         <input_file_ref idref="fl-2e"/>
      </object_component>
      <object_component id="oc-85">
         <name>.text.OLED_ColorTurn</name>
         <load_address>0x3258</load_address>
         <readonly>true</readonly>
         <executable>true</executable>
         <run_address>0x3258</run_address>
         <size>0x34</size>
         <alignment>0x2</alignment>
         <input_file_ref idref="fl-5"/>
      </object_component>
      <object_component id="oc-111">
         <name>.text.DL_SPI_setFIFOThreshold</name>
         <load_address>0x328c</load_address>
         <readonly>true</readonly>
         <executable>true</executable>
         <run_address>0x328c</run_address>
         <size>0x30</size>
         <alignment>0x4</alignment>
         <input_file_ref idref="fl-3"/>
      </object_component>
      <object_component id="oc-d7">
         <name>.text.OLED_Pow</name>
         <load_address>0x32bc</load_address>
         <readonly>true</readonly>
         <executable>true</executable>
         <run_address>0x32bc</run_address>
         <size>0x30</size>
         <alignment>0x2</alignment>
         <input_file_ref idref="fl-5"/>
      </object_component>
      <object_component id="oc-12c">
         <name>.text.DL_Common_updateReg</name>
         <load_address>0x32ec</load_address>
         <readonly>true</readonly>
         <executable>true</executable>
         <run_address>0x32ec</run_address>
         <size>0x28</size>
         <alignment>0x2</alignment>
         <input_file_ref idref="fl-3"/>
      </object_component>
      <object_component id="oc-4f">
         <name>.text:_c_int00_noargs</name>
         <load_address>0x3314</load_address>
         <readonly>true</readonly>
         <executable>true</executable>
         <run_address>0x3314</run_address>
         <size>0x28</size>
         <alignment>0x4</alignment>
         <input_file_ref idref="fl-2c"/>
      </object_component>
      <object_component id="oc-110">
         <name>.text.DL_SPI_setBitRateSerialClockDivider</name>
         <load_address>0x333c</load_address>
         <readonly>true</readonly>
         <executable>true</executable>
         <run_address>0x333c</run_address>
         <size>0x24</size>
         <alignment>0x4</alignment>
         <input_file_ref idref="fl-3"/>
      </object_component>
      <object_component id="oc-134">
         <name>.text.__floatunsidf</name>
         <load_address>0x3360</load_address>
         <readonly>true</readonly>
         <executable>true</executable>
         <run_address>0x3360</run_address>
         <size>0x24</size>
         <alignment>0x4</alignment>
         <input_file_ref idref="fl-d7"/>
      </object_component>
      <object_component id="oc-f3">
         <name>.text.DL_GPIO_initPeripheralInputFunction</name>
         <load_address>0x3384</load_address>
         <readonly>true</readonly>
         <executable>true</executable>
         <run_address>0x3384</run_address>
         <size>0x20</size>
         <alignment>0x4</alignment>
         <input_file_ref idref="fl-3"/>
      </object_component>
      <object_component id="oc-f8">
         <name>.text.DL_SYSCTL_setFlashWaitState</name>
         <load_address>0x33a4</load_address>
         <readonly>true</readonly>
         <executable>true</executable>
         <run_address>0x33a4</run_address>
         <size>0x20</size>
         <alignment>0x4</alignment>
         <input_file_ref idref="fl-3"/>
      </object_component>
      <object_component id="oc-7b">
         <name>.text.SYSCFG_DL_init</name>
         <load_address>0x33c4</load_address>
         <readonly>true</readonly>
         <executable>true</executable>
         <run_address>0x33c4</run_address>
         <size>0x20</size>
         <alignment>0x4</alignment>
         <input_file_ref idref="fl-3"/>
      </object_component>
      <object_component id="oc-f2">
         <name>.text.DL_GPIO_initPeripheralOutputFunction</name>
         <load_address>0x33e4</load_address>
         <readonly>true</readonly>
         <executable>true</executable>
         <run_address>0x33e4</run_address>
         <size>0x1c</size>
         <alignment>0x4</alignment>
         <input_file_ref idref="fl-3"/>
      </object_component>
      <object_component id="oc-115">
         <name>.text.DL_SPI_isTXFIFOFull</name>
         <load_address>0x3400</load_address>
         <readonly>true</readonly>
         <executable>true</executable>
         <run_address>0x3400</run_address>
         <size>0x1c</size>
         <alignment>0x4</alignment>
         <input_file_ref idref="fl-5"/>
      </object_component>
      <object_component id="oc-130">
         <name>.text.DL_SYSCTL_configFCC</name>
         <load_address>0x341c</load_address>
         <readonly>true</readonly>
         <executable>true</executable>
         <run_address>0x341c</run_address>
         <size>0x1c</size>
         <alignment>0x4</alignment>
         <input_file_ref idref="fl-15"/>
      </object_component>
      <object_component id="oc-12f">
         <name>.text.DL_SYSCTL_setFCCPeriods</name>
         <load_address>0x3438</load_address>
         <readonly>true</readonly>
         <executable>true</executable>
         <run_address>0x3438</run_address>
         <size>0x1c</size>
         <alignment>0x4</alignment>
         <input_file_ref idref="fl-3"/>
      </object_component>
      <object_component id="oc-f9">
         <name>.text.DL_SYSCTL_setSYSOSCFreq</name>
         <load_address>0x3454</load_address>
         <readonly>true</readonly>
         <executable>true</executable>
         <run_address>0x3454</run_address>
         <size>0x1c</size>
         <alignment>0x4</alignment>
         <input_file_ref idref="fl-3"/>
      </object_component>
      <object_component id="oc-106">
         <name>.text.DL_SYSCTL_setULPCLKDivider</name>
         <load_address>0x3470</load_address>
         <readonly>true</readonly>
         <executable>true</executable>
         <run_address>0x3470</run_address>
         <size>0x1c</size>
         <alignment>0x4</alignment>
         <input_file_ref idref="fl-3"/>
      </object_component>
      <object_component id="oc-89">
         <name>.text.delay_ms</name>
         <load_address>0x348c</load_address>
         <readonly>true</readonly>
         <executable>true</executable>
         <run_address>0x348c</run_address>
         <size>0x1c</size>
         <alignment>0x4</alignment>
         <input_file_ref idref="fl-1"/>
      </object_component>
      <object_component id="oc-f6">
         <name>.text.DL_GPIO_enableOutput</name>
         <load_address>0x34a8</load_address>
         <readonly>true</readonly>
         <executable>true</executable>
         <run_address>0x34a8</run_address>
         <size>0x18</size>
         <alignment>0x4</alignment>
         <input_file_ref idref="fl-3"/>
      </object_component>
      <object_component id="oc-ef">
         <name>.text.DL_GPIO_enablePower</name>
         <load_address>0x34c0</load_address>
         <readonly>true</readonly>
         <executable>true</executable>
         <run_address>0x34c0</run_address>
         <size>0x18</size>
         <alignment>0x4</alignment>
         <input_file_ref idref="fl-3"/>
      </object_component>
      <object_component id="oc-f4">
         <name>.text.DL_GPIO_initDigitalOutput</name>
         <load_address>0x34d8</load_address>
         <readonly>true</readonly>
         <executable>true</executable>
         <run_address>0x34d8</run_address>
         <size>0x18</size>
         <alignment>0x4</alignment>
         <input_file_ref idref="fl-3"/>
      </object_component>
      <object_component id="oc-f1">
         <name>.text.DL_GPIO_initPeripheralAnalogFunction</name>
         <load_address>0x34f0</load_address>
         <readonly>true</readonly>
         <executable>true</executable>
         <run_address>0x34f0</run_address>
         <size>0x18</size>
         <alignment>0x4</alignment>
         <input_file_ref idref="fl-3"/>
      </object_component>
      <object_component id="oc-ed">
         <name>.text.DL_GPIO_reset</name>
         <load_address>0x3508</load_address>
         <readonly>true</readonly>
         <executable>true</executable>
         <run_address>0x3508</run_address>
         <size>0x18</size>
         <alignment>0x4</alignment>
         <input_file_ref idref="fl-3"/>
      </object_component>
      <object_component id="oc-c2">
         <name>.text.DL_GPIO_setPins</name>
         <load_address>0x3520</load_address>
         <readonly>true</readonly>
         <executable>true</executable>
         <run_address>0x3520</run_address>
         <size>0x18</size>
         <alignment>0x4</alignment>
         <input_file_ref idref="fl-5"/>
      </object_component>
      <object_component id="oc-112">
         <name>.text.DL_SPI_enable</name>
         <load_address>0x3538</load_address>
         <readonly>true</readonly>
         <executable>true</executable>
         <run_address>0x3538</run_address>
         <size>0x18</size>
         <alignment>0x4</alignment>
         <input_file_ref idref="fl-3"/>
      </object_component>
      <object_component id="oc-f0">
         <name>.text.DL_SPI_enablePower</name>
         <load_address>0x3550</load_address>
         <readonly>true</readonly>
         <executable>true</executable>
         <run_address>0x3550</run_address>
         <size>0x18</size>
         <alignment>0x4</alignment>
         <input_file_ref idref="fl-3"/>
      </object_component>
      <object_component id="oc-117">
         <name>.text.DL_SPI_isBusy</name>
         <load_address>0x3568</load_address>
         <readonly>true</readonly>
         <executable>true</executable>
         <run_address>0x3568</run_address>
         <size>0x18</size>
         <alignment>0x4</alignment>
         <input_file_ref idref="fl-5"/>
      </object_component>
      <object_component id="oc-ee">
         <name>.text.DL_SPI_reset</name>
         <load_address>0x3580</load_address>
         <readonly>true</readonly>
         <executable>true</executable>
         <run_address>0x3580</run_address>
         <size>0x18</size>
         <alignment>0x4</alignment>
         <input_file_ref idref="fl-3"/>
      </object_component>
      <object_component id="oc-f7">
         <name>.text.DL_SYSCTL_setBORThreshold</name>
         <load_address>0x3598</load_address>
         <readonly>true</readonly>
         <executable>true</executable>
         <run_address>0x3598</run_address>
         <size>0x18</size>
         <alignment>0x4</alignment>
         <input_file_ref idref="fl-3"/>
      </object_component>
      <object_component id="oc-116">
         <name>.text.DL_SPI_transmitData8</name>
         <load_address>0x35b0</load_address>
         <readonly>true</readonly>
         <executable>true</executable>
         <run_address>0x35b0</run_address>
         <size>0x16</size>
         <alignment>0x2</alignment>
         <input_file_ref idref="fl-5"/>
      </object_component>
      <object_component id="oc-c3">
         <name>.text.DL_GPIO_clearPins</name>
         <load_address>0x35c6</load_address>
         <readonly>true</readonly>
         <executable>true</executable>
         <run_address>0x35c6</run_address>
         <size>0x14</size>
         <alignment>0x2</alignment>
         <input_file_ref idref="fl-5"/>
      </object_component>
      <object_component id="oc-f5">
         <name>.text.DL_GPIO_clearPins</name>
         <load_address>0x35da</load_address>
         <readonly>true</readonly>
         <executable>true</executable>
         <run_address>0x35da</run_address>
         <size>0x14</size>
         <alignment>0x2</alignment>
         <input_file_ref idref="fl-3"/>
      </object_component>
      <object_component id="oc-fb">
         <name>.text.DL_SYSCTL_disableSYSPLL</name>
         <load_address>0x35f0</load_address>
         <readonly>true</readonly>
         <executable>true</executable>
         <run_address>0x35f0</run_address>
         <size>0x14</size>
         <alignment>0x4</alignment>
         <input_file_ref idref="fl-3"/>
      </object_component>
      <object_component id="oc-104">
         <name>.text.DL_SYSCTL_enableSYSPLL</name>
         <load_address>0x3604</load_address>
         <readonly>true</readonly>
         <executable>true</executable>
         <run_address>0x3604</run_address>
         <size>0x14</size>
         <alignment>0x4</alignment>
         <input_file_ref idref="fl-3"/>
      </object_component>
      <object_component id="oc-109">
         <name>.text.DL_SPI_setClockConfig</name>
         <load_address>0x3618</load_address>
         <readonly>true</readonly>
         <executable>true</executable>
         <run_address>0x3618</run_address>
         <size>0x12</size>
         <alignment>0x2</alignment>
         <input_file_ref idref="fl-14"/>
      </object_component>
      <object_component id="oc-71">
         <name>.text:TI_memcpy_small</name>
         <load_address>0x362a</load_address>
         <readonly>true</readonly>
         <executable>true</executable>
         <run_address>0x362a</run_address>
         <size>0x12</size>
         <alignment>0x1</alignment>
         <input_file_ref idref="fl-de"/>
      </object_component>
      <object_component id="oc-20">
         <name>.text:decompress:none</name>
         <load_address>0x363c</load_address>
         <readonly>true</readonly>
         <executable>true</executable>
         <run_address>0x363c</run_address>
         <size>0x12</size>
         <alignment>0x2</alignment>
         <input_file_ref idref="fl-32"/>
      </object_component>
      <object_component id="oc-fa">
         <name>.text.DL_SYSCTL_disableHFXT</name>
         <load_address>0x3650</load_address>
         <readonly>true</readonly>
         <executable>true</executable>
         <run_address>0x3650</run_address>
         <size>0x10</size>
         <alignment>0x4</alignment>
         <input_file_ref idref="fl-3"/>
      </object_component>
      <object_component id="oc-132">
         <name>.text.DL_SYSCTL_isFCCDone</name>
         <load_address>0x3660</load_address>
         <readonly>true</readonly>
         <executable>true</executable>
         <run_address>0x3660</run_address>
         <size>0x10</size>
         <alignment>0x2</alignment>
         <input_file_ref idref="fl-3"/>
      </object_component>
      <object_component id="oc-131">
         <name>.text.DL_SYSCTL_startFCC</name>
         <load_address>0x3670</load_address>
         <readonly>true</readonly>
         <executable>true</executable>
         <run_address>0x3670</run_address>
         <size>0x10</size>
         <alignment>0x4</alignment>
         <input_file_ref idref="fl-3"/>
      </object_component>
      <object_component id="oc-4c">
         <name>.text:decompress:ZI</name>
         <load_address>0x3680</load_address>
         <readonly>true</readonly>
         <executable>true</executable>
         <run_address>0x3680</run_address>
         <size>0x10</size>
         <alignment>0x2</alignment>
         <input_file_ref idref="fl-31"/>
      </object_component>
      <object_component id="oc-b5">
         <name>.text:TI_memset_small</name>
         <load_address>0x3690</load_address>
         <readonly>true</readonly>
         <executable>true</executable>
         <run_address>0x3690</run_address>
         <size>0xe</size>
         <alignment>0x1</alignment>
         <input_file_ref idref="fl-df"/>
      </object_component>
      <object_component id="oc-105">
         <name>.text.DL_SYSCTL_getClockStatus</name>
         <load_address>0x36a0</load_address>
         <readonly>true</readonly>
         <executable>true</executable>
         <run_address>0x36a0</run_address>
         <size>0xc</size>
         <alignment>0x4</alignment>
         <input_file_ref idref="fl-3"/>
      </object_component>
      <object_component id="oc-133">
         <name>.text.DL_SYSCTL_readFCC</name>
         <load_address>0x36ac</load_address>
         <readonly>true</readonly>
         <executable>true</executable>
         <run_address>0x36ac</run_address>
         <size>0xc</size>
         <alignment>0x4</alignment>
         <input_file_ref idref="fl-3"/>
      </object_component>
      <object_component id="oc-5a">
         <name>.text.__aeabi_memclr</name>
         <load_address>0x36b8</load_address>
         <readonly>true</readonly>
         <executable>true</executable>
         <run_address>0x36b8</run_address>
         <size>0xc</size>
         <alignment>0x4</alignment>
         <input_file_ref idref="fl-da"/>
      </object_component>
      <object_component id="oc-c9">
         <name>.text.DL_Common_delayCycles</name>
         <load_address>0x36c4</load_address>
         <readonly>true</readonly>
         <executable>true</executable>
         <run_address>0x36c4</run_address>
         <size>0xa</size>
         <alignment>0x2</alignment>
         <input_file_ref idref="fl-13"/>
      </object_component>
      <object_component id="oc-3f">
         <name>.text.__aeabi_memcpy</name>
         <load_address>0x36d0</load_address>
         <readonly>true</readonly>
         <executable>true</executable>
         <run_address>0x36d0</run_address>
         <size>0x8</size>
         <alignment>0x4</alignment>
         <input_file_ref idref="fl-d9"/>
      </object_component>
      <object_component id="oc-9b">
         <name>.text:abort</name>
         <load_address>0x36d8</load_address>
         <readonly>true</readonly>
         <executable>true</executable>
         <run_address>0x36d8</run_address>
         <size>0x6</size>
         <alignment>0x2</alignment>
         <input_file_ref idref="fl-34"/>
      </object_component>
      <object_component id="oc-33">
         <name>.text.Default_Handler</name>
         <load_address>0x36de</load_address>
         <readonly>true</readonly>
         <executable>true</executable>
         <run_address>0x36de</run_address>
         <size>0x4</size>
         <alignment>0x2</alignment>
         <input_file_ref idref="fl-4"/>
      </object_component>
      <object_component id="oc-dc">
         <name>.text.HOSTexit</name>
         <load_address>0x36e2</load_address>
         <readonly>true</readonly>
         <executable>true</executable>
         <run_address>0x36e2</run_address>
         <size>0x4</size>
         <alignment>0x2</alignment>
         <input_file_ref idref="fl-d6"/>
      </object_component>
      <object_component id="oc-2f">
         <name>.text.Reset_Handler</name>
         <load_address>0x36e6</load_address>
         <readonly>true</readonly>
         <executable>true</executable>
         <run_address>0x36e6</run_address>
         <size>0x4</size>
         <alignment>0x2</alignment>
         <input_file_ref idref="fl-4"/>
      </object_component>
      <object_component id="oc-5f">
         <name>.text._system_pre_init</name>
         <load_address>0x36ea</load_address>
         <readonly>true</readonly>
         <executable>true</executable>
         <run_address>0x36ea</run_address>
         <size>0x4</size>
         <alignment>0x2</alignment>
         <input_file_ref idref="fl-2f"/>
      </object_component>
      <object_component id="oc-18d">
         <name>.cinit..data.load</name>
         <load_address>0x36f0</load_address>
         <readonly>true</readonly>
         <run_address>0x36f0</run_address>
         <size>0x150</size>
         <alignment>0x1</alignment>
      </object_component>
      <object_component id="oc-18b">
         <name>__TI_handler_table</name>
         <load_address>0x3840</load_address>
         <readonly>true</readonly>
         <run_address>0x3840</run_address>
         <size>0xc</size>
         <alignment>0x4</alignment>
      </object_component>
      <object_component id="oc-18e">
         <name>.cinit..bss.load</name>
         <load_address>0x384c</load_address>
         <readonly>true</readonly>
         <run_address>0x384c</run_address>
         <size>0x8</size>
         <alignment>0x4</alignment>
      </object_component>
      <object_component id="oc-18c">
         <name>__TI_cinit_table</name>
         <load_address>0x3854</load_address>
         <readonly>true</readonly>
         <run_address>0x3854</run_address>
         <size>0x10</size>
         <alignment>0x4</alignment>
      </object_component>
      <object_component id="oc-d3">
         <name>.rodata.asc2_2412</name>
         <load_address>0xc0</load_address>
         <readonly>true</readonly>
         <run_address>0xc0</run_address>
         <size>0xd5c</size>
         <alignment>0x1</alignment>
         <input_file_ref idref="fl-5"/>
      </object_component>
      <object_component id="oc-d4">
         <name>.rodata.asc2_1608</name>
         <load_address>0xe1c</load_address>
         <readonly>true</readonly>
         <run_address>0xe1c</run_address>
         <size>0x5f0</size>
         <alignment>0x1</alignment>
         <input_file_ref idref="fl-5"/>
      </object_component>
      <object_component id="oc-d5">
         <name>.rodata.asc2_1206</name>
         <load_address>0x140c</load_address>
         <readonly>true</readonly>
         <run_address>0x140c</run_address>
         <size>0x474</size>
         <alignment>0x1</alignment>
         <input_file_ref idref="fl-5"/>
      </object_component>
      <object_component id="oc-d6">
         <name>.rodata.asc2_0806</name>
         <load_address>0x1880</load_address>
         <readonly>true</readonly>
         <run_address>0x1880</run_address>
         <size>0x228</size>
         <alignment>0x1</alignment>
         <input_file_ref idref="fl-5"/>
      </object_component>
      <object_component id="oc-cf">
         <name>.rodata.Hzk4</name>
         <load_address>0x1aa8</load_address>
         <readonly>true</readonly>
         <run_address>0x1aa8</run_address>
         <size>0x200</size>
         <alignment>0x1</alignment>
         <input_file_ref idref="fl-5"/>
      </object_component>
      <object_component id="oc-d2">
         <name>.rodata.Hzk1</name>
         <load_address>0x1ca8</load_address>
         <readonly>true</readonly>
         <run_address>0x1ca8</run_address>
         <size>0x160</size>
         <alignment>0x1</alignment>
         <input_file_ref idref="fl-5"/>
      </object_component>
      <object_component id="oc-d0">
         <name>.rodata.Hzk3</name>
         <load_address>0x1e08</load_address>
         <readonly>true</readonly>
         <run_address>0x1e08</run_address>
         <size>0x80</size>
         <alignment>0x1</alignment>
         <input_file_ref idref="fl-5"/>
      </object_component>
      <object_component id="oc-d1">
         <name>.rodata.Hzk2</name>
         <load_address>0x1e88</load_address>
         <readonly>true</readonly>
         <run_address>0x1e88</run_address>
         <size>0x48</size>
         <alignment>0x1</alignment>
         <input_file_ref idref="fl-5"/>
      </object_component>
      <object_component id="oc-108">
         <name>.rodata.gSYSPLLConfig</name>
         <load_address>0x1ed0</load_address>
         <readonly>true</readonly>
         <run_address>0x1ed0</run_address>
         <size>0x28</size>
         <alignment>0x4</alignment>
         <input_file_ref idref="fl-3"/>
      </object_component>
      <object_component id="oc-94">
         <name>.rodata.str1.9517790425240694019.1</name>
         <load_address>0x1ef8</load_address>
         <readonly>true</readonly>
         <run_address>0x1ef8</run_address>
         <size>0xe</size>
         <alignment>0x1</alignment>
         <input_file_ref idref="fl-2"/>
      </object_component>
      <object_component id="oc-95">
         <name>.rodata.str1.254342170260855183.1</name>
         <load_address>0x1f06</load_address>
         <readonly>true</readonly>
         <run_address>0x1f06</run_address>
         <size>0xb</size>
         <alignment>0x1</alignment>
         <input_file_ref idref="fl-2"/>
      </object_component>
      <object_component id="oc-114">
         <name>.rodata.gSPI_0_config</name>
         <load_address>0x1f12</load_address>
         <readonly>true</readonly>
         <run_address>0x1f12</run_address>
         <size>0xa</size>
         <alignment>0x2</alignment>
         <input_file_ref idref="fl-3"/>
      </object_component>
      <object_component id="oc-96">
         <name>.rodata.str1.14685083708502177989.1</name>
         <load_address>0x1f1c</load_address>
         <readonly>true</readonly>
         <run_address>0x1f1c</run_address>
         <size>0x7</size>
         <alignment>0x1</alignment>
         <input_file_ref idref="fl-2"/>
      </object_component>
      <object_component id="oc-97">
         <name>.rodata.str1.17669528882079347314.1</name>
         <load_address>0x1f23</load_address>
         <readonly>true</readonly>
         <run_address>0x1f23</run_address>
         <size>0x6</size>
         <alignment>0x1</alignment>
         <input_file_ref idref="fl-2"/>
      </object_component>
      <object_component id="oc-98">
         <name>.rodata.str1.11898133897667081452.1</name>
         <load_address>0x1f29</load_address>
         <readonly>true</readonly>
         <run_address>0x1f29</run_address>
         <size>0x4</size>
         <alignment>0x1</alignment>
         <input_file_ref idref="fl-2"/>
      </object_component>
      <object_component id="oc-113">
         <name>.rodata.gSPI_0_clockConfig</name>
         <load_address>0x1f2d</load_address>
         <readonly>true</readonly>
         <run_address>0x1f2d</run_address>
         <size>0x2</size>
         <alignment>0x1</alignment>
         <input_file_ref idref="fl-3"/>
      </object_component>
      <object_component id="oc-155">
         <name>.binit</name>
         <load_address>0x0</load_address>
         <readonly>true</readonly>
         <run_address>0x0</run_address>
         <size>0x0</size>
         <alignment>0x4</alignment>
      </object_component>
      <object_component id="oc-93">
         <name>.data.BMP1</name>
         <load_address>0x202004a8</load_address>
         <readwrite>true</readwrite>
         <run_address>0x202004a8</run_address>
         <size>0x400</size>
         <alignment>0x1</alignment>
         <input_file_ref idref="fl-2"/>
      </object_component>
      <object_component id="oc-bf">
         <name>.common:gSPI_0Backup</name>
         <uninitialized>true</uninitialized>
         <readwrite>true</readwrite>
         <run_address>0x20200480</run_address>
         <size>0x28</size>
         <alignment>0x4</alignment>
      </object_component>
      <object_component id="oc-c8">
         <name>.common:OLED_GRAM</name>
         <uninitialized>true</uninitialized>
         <readwrite>true</readwrite>
         <run_address>0x20200000</run_address>
         <size>0x480</size>
         <alignment>0x1</alignment>
      </object_component>
      <object_component id="oc-1a">
         <name>.stack</name>
         <uninitialized>true</uninitialized>
         <readwrite>true</readwrite>
         <run_address>0x20207e00</run_address>
         <size>0x4</size>
         <alignment>0x4</alignment>
         <input_file_ref idref="fl-2c"/>
      </object_component>
      <object_component id="oc-190">
         <name>.stack</name>
         <uninitialized>true</uninitialized>
         <readwrite>true</readwrite>
         <run_address>0x20207e00</run_address>
         <size>0x0</size>
         <alignment>0x8</alignment>
      </object_component>
      <object_component id="oc-cd">
         <name>.debug_abbrev</name>
         <load_address>0x0</load_address>
         <run_address>0x0</run_address>
         <size>0x70</size>
         <alignment>0x1</alignment>
         <input_file_ref idref="fl-1"/>
      </object_component>
      <object_component id="oc-99">
         <name>.debug_abbrev</name>
         <load_address>0x70</load_address>
         <run_address>0x70</run_address>
         <size>0xac</size>
         <alignment>0x1</alignment>
         <input_file_ref idref="fl-2"/>
      </object_component>
      <object_component id="oc-c0">
         <name>.debug_abbrev</name>
         <load_address>0x11c</load_address>
         <run_address>0x11c</run_address>
         <size>0x1ef</size>
         <alignment>0x1</alignment>
         <input_file_ref idref="fl-3"/>
      </object_component>
      <object_component id="oc-34">
         <name>.debug_abbrev</name>
         <load_address>0x30b</load_address>
         <run_address>0x30b</run_address>
         <size>0x6d</size>
         <alignment>0x1</alignment>
         <input_file_ref idref="fl-4"/>
      </object_component>
      <object_component id="oc-c5">
         <name>.debug_abbrev</name>
         <load_address>0x378</load_address>
         <run_address>0x378</run_address>
         <size>0x17b</size>
         <alignment>0x1</alignment>
         <input_file_ref idref="fl-5"/>
      </object_component>
      <object_component id="oc-118">
         <name>.debug_abbrev</name>
         <load_address>0x4f3</load_address>
         <run_address>0x4f3</run_address>
         <size>0x62</size>
         <alignment>0x1</alignment>
         <input_file_ref idref="fl-13"/>
      </object_component>
      <object_component id="oc-13c">
         <name>.debug_abbrev</name>
         <load_address>0x555</load_address>
         <run_address>0x555</run_address>
         <size>0x277</size>
         <alignment>0x1</alignment>
         <input_file_ref idref="fl-14"/>
      </object_component>
      <object_component id="oc-12d">
         <name>.debug_abbrev</name>
         <load_address>0x7cc</load_address>
         <run_address>0x7cc</run_address>
         <size>0x218</size>
         <alignment>0x1</alignment>
         <input_file_ref idref="fl-15"/>
      </object_component>
      <object_component id="oc-36">
         <name>.debug_abbrev</name>
         <load_address>0x9e4</load_address>
         <run_address>0x9e4</run_address>
         <size>0xaf</size>
         <alignment>0x1</alignment>
         <input_file_ref idref="fl-2c"/>
      </object_component>
      <object_component id="oc-e6">
         <name>.debug_abbrev</name>
         <load_address>0xa93</load_address>
         <run_address>0xa93</run_address>
         <size>0x170</size>
         <alignment>0x1</alignment>
         <input_file_ref idref="fl-2e"/>
      </object_component>
      <object_component id="oc-79">
         <name>.debug_abbrev</name>
         <load_address>0xc03</load_address>
         <run_address>0xc03</run_address>
         <size>0x39</size>
         <alignment>0x1</alignment>
         <input_file_ref idref="fl-2f"/>
      </object_component>
      <object_component id="oc-58">
         <name>.debug_abbrev</name>
         <load_address>0xc3c</load_address>
         <run_address>0xc3c</run_address>
         <size>0xc2</size>
         <alignment>0x1</alignment>
         <input_file_ref idref="fl-31"/>
      </object_component>
      <object_component id="oc-43">
         <name>.debug_abbrev</name>
         <load_address>0xcfe</load_address>
         <run_address>0xcfe</run_address>
         <size>0x70</size>
         <alignment>0x1</alignment>
         <input_file_ref idref="fl-32"/>
      </object_component>
      <object_component id="oc-3b">
         <name>.debug_abbrev</name>
         <load_address>0xd6e</load_address>
         <run_address>0xd6e</run_address>
         <size>0x8d</size>
         <alignment>0x1</alignment>
         <input_file_ref idref="fl-33"/>
      </object_component>
      <object_component id="oc-e0">
         <name>.debug_abbrev</name>
         <load_address>0xdfb</load_address>
         <run_address>0xdfb</run_address>
         <size>0x98</size>
         <alignment>0x1</alignment>
         <input_file_ref idref="fl-34"/>
      </object_component>
      <object_component id="oc-121">
         <name>.debug_abbrev</name>
         <load_address>0xe93</load_address>
         <run_address>0xe93</run_address>
         <size>0x2c</size>
         <alignment>0x1</alignment>
         <input_file_ref idref="fl-d6"/>
      </object_component>
      <object_component id="oc-141">
         <name>.debug_abbrev</name>
         <load_address>0xebf</load_address>
         <run_address>0xebf</run_address>
         <size>0x27</size>
         <alignment>0x1</alignment>
         <input_file_ref idref="fl-d7"/>
      </object_component>
      <object_component id="oc-149">
         <name>.debug_abbrev</name>
         <load_address>0xee6</load_address>
         <run_address>0xee6</run_address>
         <size>0x27</size>
         <alignment>0x1</alignment>
         <input_file_ref idref="fl-d8"/>
      </object_component>
      <object_component id="oc-57">
         <name>.debug_abbrev</name>
         <load_address>0xf0d</load_address>
         <run_address>0xf0d</run_address>
         <size>0x27</size>
         <alignment>0x1</alignment>
         <input_file_ref idref="fl-d9"/>
      </object_component>
      <object_component id="oc-78">
         <name>.debug_abbrev</name>
         <load_address>0xf34</load_address>
         <run_address>0xf34</run_address>
         <size>0x25</size>
         <alignment>0x1</alignment>
         <input_file_ref idref="fl-da"/>
      </object_component>
      <object_component id="oc-120">
         <name>.debug_abbrev</name>
         <load_address>0xf59</load_address>
         <run_address>0xf59</run_address>
         <size>0x27</size>
         <alignment>0x1</alignment>
         <input_file_ref idref="fl-db"/>
      </object_component>
      <object_component id="oc-14a">
         <name>.debug_abbrev</name>
         <load_address>0xf80</load_address>
         <run_address>0xf80</run_address>
         <size>0xc8</size>
         <alignment>0x1</alignment>
         <input_file_ref idref="fl-dc"/>
      </object_component>
      <object_component id="oc-13e">
         <name>.debug_abbrev</name>
         <load_address>0x1048</load_address>
         <run_address>0x1048</run_address>
         <size>0x59</size>
         <alignment>0x1</alignment>
         <input_file_ref idref="fl-dd"/>
      </object_component>
      <object_component id="oc-b4">
         <name>.debug_abbrev</name>
         <load_address>0x10a1</load_address>
         <run_address>0x10a1</run_address>
         <size>0x25</size>
         <alignment>0x1</alignment>
         <input_file_ref idref="fl-de"/>
      </object_component>
      <object_component id="oc-ec">
         <name>.debug_abbrev</name>
         <load_address>0x10c6</load_address>
         <run_address>0x10c6</run_address>
         <size>0x25</size>
         <alignment>0x1</alignment>
         <input_file_ref idref="fl-df"/>
      </object_component>
      <object_component id="oc-192">
         <name>.debug_abbrev</name>
         <load_address>0x10eb</load_address>
         <run_address>0x10eb</run_address>
         <size>0xf</size>
         <alignment>0x0</alignment>
      </object_component>
      <object_component id="oc-8a">
         <name>.debug_info</name>
         <load_address>0x0</load_address>
         <run_address>0x0</run_address>
         <size>0x7f</size>
         <alignment>0x1</alignment>
         <input_file_ref idref="fl-1"/>
      </object_component>
      <object_component id="oc-64">
         <name>.debug_info</name>
         <load_address>0x7f</load_address>
         <run_address>0x7f</run_address>
         <size>0x2b0</size>
         <alignment>0x1</alignment>
         <input_file_ref idref="fl-2"/>
      </object_component>
      <object_component id="oc-7c">
         <name>.debug_info</name>
         <load_address>0x32f</load_address>
         <run_address>0x32f</run_address>
         <size>0x1f63</size>
         <alignment>0x1</alignment>
         <input_file_ref idref="fl-3"/>
      </object_component>
      <object_component id="oc-19">
         <name>.debug_info</name>
         <load_address>0x2292</load_address>
         <run_address>0x2292</run_address>
         <size>0x80</size>
         <alignment>0x1</alignment>
         <input_file_ref idref="fl-4"/>
      </object_component>
      <object_component id="oc-82">
         <name>.debug_info</name>
         <load_address>0x2312</load_address>
         <run_address>0x2312</run_address>
         <size>0x16ec</size>
         <alignment>0x1</alignment>
         <input_file_ref idref="fl-5"/>
      </object_component>
      <object_component id="oc-ca">
         <name>.debug_info</name>
         <load_address>0x39fe</load_address>
         <run_address>0x39fe</run_address>
         <size>0x75</size>
         <alignment>0x1</alignment>
         <input_file_ref idref="fl-13"/>
      </object_component>
      <object_component id="oc-10d">
         <name>.debug_info</name>
         <load_address>0x3a73</load_address>
         <run_address>0x3a73</run_address>
         <size>0x118a</size>
         <alignment>0x1</alignment>
         <input_file_ref idref="fl-14"/>
      </object_component>
      <object_component id="oc-100">
         <name>.debug_info</name>
         <load_address>0x4bfd</load_address>
         <run_address>0x4bfd</run_address>
         <size>0x10aa</size>
         <alignment>0x1</alignment>
         <input_file_ref idref="fl-15"/>
      </object_component>
      <object_component id="oc-1b">
         <name>.debug_info</name>
         <load_address>0x5ca7</load_address>
         <run_address>0x5ca7</run_address>
         <size>0x423</size>
         <alignment>0x1</alignment>
         <input_file_ref idref="fl-2c"/>
      </object_component>
      <object_component id="oc-a7">
         <name>.debug_info</name>
         <load_address>0x60ca</load_address>
         <run_address>0x60ca</run_address>
         <size>0x744</size>
         <alignment>0x1</alignment>
         <input_file_ref idref="fl-2e"/>
      </object_component>
      <object_component id="oc-62">
         <name>.debug_info</name>
         <load_address>0x680e</load_address>
         <run_address>0x680e</run_address>
         <size>0x46</size>
         <alignment>0x1</alignment>
         <input_file_ref idref="fl-2f"/>
      </object_component>
      <object_component id="oc-49">
         <name>.debug_info</name>
         <load_address>0x6854</load_address>
         <run_address>0x6854</run_address>
         <size>0x192</size>
         <alignment>0x1</alignment>
         <input_file_ref idref="fl-31"/>
      </object_component>
      <object_component id="oc-22">
         <name>.debug_info</name>
         <load_address>0x69e6</load_address>
         <run_address>0x69e6</run_address>
         <size>0xc6</size>
         <alignment>0x1</alignment>
         <input_file_ref idref="fl-32"/>
      </object_component>
      <object_component id="oc-1f">
         <name>.debug_info</name>
         <load_address>0x6aac</load_address>
         <run_address>0x6aac</run_address>
         <size>0x17c</size>
         <alignment>0x1</alignment>
         <input_file_ref idref="fl-33"/>
      </object_component>
      <object_component id="oc-9c">
         <name>.debug_info</name>
         <load_address>0x6c28</load_address>
         <run_address>0x6c28</run_address>
         <size>0xf8</size>
         <alignment>0x1</alignment>
         <input_file_ref idref="fl-34"/>
      </object_component>
      <object_component id="oc-de">
         <name>.debug_info</name>
         <load_address>0x6d20</load_address>
         <run_address>0x6d20</run_address>
         <size>0x3b</size>
         <alignment>0x1</alignment>
         <input_file_ref idref="fl-d6"/>
      </object_component>
      <object_component id="oc-135">
         <name>.debug_info</name>
         <load_address>0x6d5b</load_address>
         <run_address>0x6d5b</run_address>
         <size>0x189</size>
         <alignment>0x1</alignment>
         <input_file_ref idref="fl-d7"/>
      </object_component>
      <object_component id="oc-13b">
         <name>.debug_info</name>
         <load_address>0x6ee4</load_address>
         <run_address>0x6ee4</run_address>
         <size>0x209</size>
         <alignment>0x1</alignment>
         <input_file_ref idref="fl-d8"/>
      </object_component>
      <object_component id="oc-40">
         <name>.debug_info</name>
         <load_address>0x70ed</load_address>
         <run_address>0x70ed</run_address>
         <size>0x18b</size>
         <alignment>0x1</alignment>
         <input_file_ref idref="fl-d9"/>
      </object_component>
      <object_component id="oc-5d">
         <name>.debug_info</name>
         <load_address>0x7278</load_address>
         <run_address>0x7278</run_address>
         <size>0x1a7</size>
         <alignment>0x1</alignment>
         <input_file_ref idref="fl-da"/>
      </object_component>
      <object_component id="oc-db">
         <name>.debug_info</name>
         <load_address>0x741f</load_address>
         <run_address>0x741f</run_address>
         <size>0x1ae</size>
         <alignment>0x1</alignment>
         <input_file_ref idref="fl-db"/>
      </object_component>
      <object_component id="oc-144">
         <name>.debug_info</name>
         <load_address>0x75cd</load_address>
         <run_address>0x75cd</run_address>
         <size>0x2f9</size>
         <alignment>0x1</alignment>
         <input_file_ref idref="fl-dc"/>
      </object_component>
      <object_component id="oc-11d">
         <name>.debug_info</name>
         <load_address>0x78c6</load_address>
         <run_address>0x78c6</run_address>
         <size>0x85</size>
         <alignment>0x1</alignment>
         <input_file_ref idref="fl-dd"/>
      </object_component>
      <object_component id="oc-75">
         <name>.debug_info</name>
         <load_address>0x794b</load_address>
         <run_address>0x794b</run_address>
         <size>0x2f3</size>
         <alignment>0x1</alignment>
         <input_file_ref idref="fl-de"/>
      </object_component>
      <object_component id="oc-b8">
         <name>.debug_info</name>
         <load_address>0x7c3e</load_address>
         <run_address>0x7c3e</run_address>
         <size>0x23d</size>
         <alignment>0x1</alignment>
         <input_file_ref idref="fl-df"/>
      </object_component>
      <object_component id="oc-191">
         <name>.debug_info</name>
         <load_address>0x7e7b</load_address>
         <run_address>0x7e7b</run_address>
         <size>0xad</size>
         <alignment>0x0</alignment>
      </object_component>
      <object_component id="oc-ce">
         <name>.debug_str</name>
         <load_address>0x0</load_address>
         <run_address>0x0</run_address>
         <size>0x107</size>
         <alignment>0x1</alignment>
         <input_file_ref idref="fl-1"/>
      </object_component>
      <object_component id="oc-9a">
         <name>.debug_str</name>
         <load_address>0x107</load_address>
         <run_address>0x107</run_address>
         <size>0x1c5</size>
         <alignment>0x1</alignment>
         <input_file_ref idref="fl-2"/>
      </object_component>
      <object_component id="oc-c1">
         <name>.debug_str</name>
         <load_address>0x2cc</load_address>
         <run_address>0x2cc</run_address>
         <size>0x2064</size>
         <alignment>0x1</alignment>
         <input_file_ref idref="fl-3"/>
      </object_component>
      <object_component id="oc-35">
         <name>.debug_str</name>
         <load_address>0x2330</load_address>
         <run_address>0x2330</run_address>
         <size>0x164</size>
         <alignment>0x1</alignment>
         <input_file_ref idref="fl-4"/>
      </object_component>
      <object_component id="oc-c6">
         <name>.debug_str</name>
         <load_address>0x2494</load_address>
         <run_address>0x2494</run_address>
         <size>0x79c</size>
         <alignment>0x1</alignment>
         <input_file_ref idref="fl-5"/>
      </object_component>
      <object_component id="oc-119">
         <name>.debug_str</name>
         <load_address>0x2c30</load_address>
         <run_address>0x2c30</run_address>
         <size>0x16d</size>
         <alignment>0x1</alignment>
         <input_file_ref idref="fl-13"/>
      </object_component>
      <object_component id="oc-13d">
         <name>.debug_str</name>
         <load_address>0x2d9d</load_address>
         <run_address>0x2d9d</run_address>
         <size>0xc49</size>
         <alignment>0x1</alignment>
         <input_file_ref idref="fl-14"/>
      </object_component>
      <object_component id="oc-12e">
         <name>.debug_str</name>
         <load_address>0x39e6</load_address>
         <run_address>0x39e6</run_address>
         <size>0x108c</size>
         <alignment>0x1</alignment>
         <input_file_ref idref="fl-15"/>
      </object_component>
      <object_component id="oc-37">
         <name>.debug_str</name>
         <load_address>0x4a72</load_address>
         <run_address>0x4a72</run_address>
         <size>0x21e</size>
         <alignment>0x1</alignment>
         <input_file_ref idref="fl-2c"/>
      </object_component>
      <object_component id="oc-e7">
         <name>.debug_str</name>
         <load_address>0x4c90</load_address>
         <run_address>0x4c90</run_address>
         <size>0x328</size>
         <alignment>0x1</alignment>
         <input_file_ref idref="fl-2e"/>
      </object_component>
      <object_component id="oc-7a">
         <name>.debug_str</name>
         <load_address>0x4fb8</load_address>
         <run_address>0x4fb8</run_address>
         <size>0xee</size>
         <alignment>0x1</alignment>
         <input_file_ref idref="fl-2f"/>
      </object_component>
      <object_component id="oc-59">
         <name>.debug_str</name>
         <load_address>0x50a6</load_address>
         <run_address>0x50a6</run_address>
         <size>0x194</size>
         <alignment>0x1</alignment>
         <input_file_ref idref="fl-31"/>
      </object_component>
      <object_component id="oc-44">
         <name>.debug_str</name>
         <load_address>0x523a</load_address>
         <run_address>0x523a</run_address>
         <size>0x161</size>
         <alignment>0x1</alignment>
         <input_file_ref idref="fl-32"/>
      </object_component>
      <object_component id="oc-3c">
         <name>.debug_str</name>
         <load_address>0x539b</load_address>
         <run_address>0x539b</run_address>
         <size>0x1ce</size>
         <alignment>0x1</alignment>
         <input_file_ref idref="fl-33"/>
      </object_component>
      <object_component id="oc-e1">
         <name>.debug_str</name>
         <load_address>0x5569</load_address>
         <run_address>0x5569</run_address>
         <size>0x141</size>
         <alignment>0x1</alignment>
         <input_file_ref idref="fl-34"/>
      </object_component>
      <object_component id="oc-122">
         <name>.debug_str</name>
         <load_address>0x56aa</load_address>
         <run_address>0x56aa</run_address>
         <size>0xe2</size>
         <alignment>0x1</alignment>
         <input_file_ref idref="fl-d6"/>
      </object_component>
      <object_component id="oc-14b">
         <name>.debug_str</name>
         <load_address>0x578c</load_address>
         <run_address>0x578c</run_address>
         <size>0x268</size>
         <alignment>0x1</alignment>
         <input_file_ref idref="fl-dc"/>
      </object_component>
      <object_component id="oc-13f">
         <name>.debug_str</name>
         <load_address>0x59f4</load_address>
         <run_address>0x59f4</run_address>
         <size>0x185</size>
         <alignment>0x1</alignment>
         <input_file_ref idref="fl-dd"/>
      </object_component>
      <object_component id="oc-8b">
         <name>.debug_frame</name>
         <load_address>0x0</load_address>
         <run_address>0x0</run_address>
         <size>0x2c</size>
         <alignment>0x4</alignment>
         <input_file_ref idref="fl-1"/>
      </object_component>
      <object_component id="oc-65">
         <name>.debug_frame</name>
         <load_address>0x2c</load_address>
         <run_address>0x2c</run_address>
         <size>0x2c</size>
         <alignment>0x4</alignment>
         <input_file_ref idref="fl-2"/>
      </object_component>
      <object_component id="oc-7e">
         <name>.debug_frame</name>
         <load_address>0x58</load_address>
         <run_address>0x58</run_address>
         <size>0x310</size>
         <alignment>0x4</alignment>
         <input_file_ref idref="fl-3"/>
      </object_component>
      <object_component id="oc-30">
         <name>.debug_frame</name>
         <load_address>0x368</load_address>
         <run_address>0x368</run_address>
         <size>0x30</size>
         <alignment>0x4</alignment>
         <input_file_ref idref="fl-4"/>
      </object_component>
      <object_component id="oc-81">
         <name>.debug_frame</name>
         <load_address>0x398</load_address>
         <run_address>0x398</run_address>
         <size>0x280</size>
         <alignment>0x4</alignment>
         <input_file_ref idref="fl-5"/>
      </object_component>
      <object_component id="oc-cc">
         <name>.debug_frame</name>
         <load_address>0x618</load_address>
         <run_address>0x618</run_address>
         <size>0x20</size>
         <alignment>0x4</alignment>
         <input_file_ref idref="fl-13"/>
      </object_component>
      <object_component id="oc-10c">
         <name>.debug_frame</name>
         <load_address>0x638</load_address>
         <run_address>0x638</run_address>
         <size>0x234</size>
         <alignment>0x4</alignment>
         <input_file_ref idref="fl-14"/>
      </object_component>
      <object_component id="oc-fd">
         <name>.debug_frame</name>
         <load_address>0x86c</load_address>
         <run_address>0x86c</run_address>
         <size>0x12c</size>
         <alignment>0x4</alignment>
         <input_file_ref idref="fl-15"/>
      </object_component>
      <object_component id="oc-4e">
         <name>.debug_frame</name>
         <load_address>0x998</load_address>
         <run_address>0x998</run_address>
         <size>0x90</size>
         <alignment>0x4</alignment>
         <input_file_ref idref="fl-2c"/>
      </object_component>
      <object_component id="oc-a5">
         <name>.debug_frame</name>
         <load_address>0xa28</load_address>
         <run_address>0xa28</run_address>
         <size>0x100</size>
         <alignment>0x4</alignment>
         <input_file_ref idref="fl-2e"/>
      </object_component>
      <object_component id="oc-61">
         <name>.debug_frame</name>
         <load_address>0xb28</load_address>
         <run_address>0xb28</run_address>
         <size>0x20</size>
         <alignment>0x4</alignment>
         <input_file_ref idref="fl-2f"/>
      </object_component>
      <object_component id="oc-48">
         <name>.debug_frame</name>
         <load_address>0xb48</load_address>
         <run_address>0xb48</run_address>
         <size>0x38</size>
         <alignment>0x4</alignment>
         <input_file_ref idref="fl-31"/>
      </object_component>
      <object_component id="oc-21">
         <name>.debug_frame</name>
         <load_address>0xb80</load_address>
         <run_address>0xb80</run_address>
         <size>0x28</size>
         <alignment>0x4</alignment>
         <input_file_ref idref="fl-32"/>
      </object_component>
      <object_component id="oc-1e">
         <name>.debug_frame</name>
         <load_address>0xba8</load_address>
         <run_address>0xba8</run_address>
         <size>0x30</size>
         <alignment>0x4</alignment>
         <input_file_ref idref="fl-33"/>
      </object_component>
      <object_component id="oc-9f">
         <name>.debug_frame</name>
         <load_address>0xbd8</load_address>
         <run_address>0xbd8</run_address>
         <size>0x30</size>
         <alignment>0x4</alignment>
         <input_file_ref idref="fl-34"/>
      </object_component>
      <object_component id="oc-dd">
         <name>.debug_frame</name>
         <load_address>0xc08</load_address>
         <run_address>0xc08</run_address>
         <size>0x20</size>
         <alignment>0x4</alignment>
         <input_file_ref idref="fl-d6"/>
      </object_component>
      <object_component id="oc-147">
         <name>.debug_frame</name>
         <load_address>0xc28</load_address>
         <run_address>0xc28</run_address>
         <size>0x6c</size>
         <alignment>0x4</alignment>
         <input_file_ref idref="fl-dc"/>
      </object_component>
      <object_component id="oc-11c">
         <name>.debug_frame</name>
         <load_address>0xc94</load_address>
         <run_address>0xc94</run_address>
         <size>0x30</size>
         <alignment>0x4</alignment>
         <input_file_ref idref="fl-dd"/>
      </object_component>
      <object_component id="oc-8c">
         <name>.debug_line</name>
         <load_address>0x0</load_address>
         <run_address>0x0</run_address>
         <size>0xfc</size>
         <alignment>0x1</alignment>
         <input_file_ref idref="fl-1"/>
      </object_component>
      <object_component id="oc-66">
         <name>.debug_line</name>
         <load_address>0xfc</load_address>
         <run_address>0xfc</run_address>
         <size>0x195</size>
         <alignment>0x1</alignment>
         <input_file_ref idref="fl-2"/>
      </object_component>
      <object_component id="oc-7f">
         <name>.debug_line</name>
         <load_address>0x291</load_address>
         <run_address>0x291</run_address>
         <size>0x8fb</size>
         <alignment>0x1</alignment>
         <input_file_ref idref="fl-3"/>
      </object_component>
      <object_component id="oc-32">
         <name>.debug_line</name>
         <load_address>0xb8c</load_address>
         <run_address>0xb8c</run_address>
         <size>0xb8</size>
         <alignment>0x1</alignment>
         <input_file_ref idref="fl-4"/>
      </object_component>
      <object_component id="oc-84">
         <name>.debug_line</name>
         <load_address>0xc44</load_address>
         <run_address>0xc44</run_address>
         <size>0x101e</size>
         <alignment>0x1</alignment>
         <input_file_ref idref="fl-5"/>
      </object_component>
      <object_component id="oc-cb">
         <name>.debug_line</name>
         <load_address>0x1c62</load_address>
         <run_address>0x1c62</run_address>
         <size>0x178</size>
         <alignment>0x1</alignment>
         <input_file_ref idref="fl-13"/>
      </object_component>
      <object_component id="oc-10e">
         <name>.debug_line</name>
         <load_address>0x1dda</load_address>
         <run_address>0x1dda</run_address>
         <size>0xc95</size>
         <alignment>0x1</alignment>
         <input_file_ref idref="fl-14"/>
      </object_component>
      <object_component id="oc-101">
         <name>.debug_line</name>
         <load_address>0x2a6f</load_address>
         <run_address>0x2a6f</run_address>
         <size>0x980</size>
         <alignment>0x1</alignment>
         <input_file_ref idref="fl-15"/>
      </object_component>
      <object_component id="oc-38">
         <name>.debug_line</name>
         <load_address>0x33ef</load_address>
         <run_address>0x33ef</run_address>
         <size>0x1dc</size>
         <alignment>0x1</alignment>
         <input_file_ref idref="fl-2c"/>
      </object_component>
      <object_component id="oc-a6">
         <name>.debug_line</name>
         <load_address>0x35cb</load_address>
         <run_address>0x35cb</run_address>
         <size>0x505</size>
         <alignment>0x1</alignment>
         <input_file_ref idref="fl-2e"/>
      </object_component>
      <object_component id="oc-60">
         <name>.debug_line</name>
         <load_address>0x3ad0</load_address>
         <run_address>0x3ad0</run_address>
         <size>0x3e</size>
         <alignment>0x1</alignment>
         <input_file_ref idref="fl-2f"/>
      </object_component>
      <object_component id="oc-4a">
         <name>.debug_line</name>
         <load_address>0x3b0e</load_address>
         <run_address>0x3b0e</run_address>
         <size>0xf7</size>
         <alignment>0x1</alignment>
         <input_file_ref idref="fl-31"/>
      </object_component>
      <object_component id="oc-23">
         <name>.debug_line</name>
         <load_address>0x3c05</load_address>
         <run_address>0x3c05</run_address>
         <size>0xb9</size>
         <alignment>0x1</alignment>
         <input_file_ref idref="fl-32"/>
      </object_component>
      <object_component id="oc-1d">
         <name>.debug_line</name>
         <load_address>0x3cbe</load_address>
         <run_address>0x3cbe</run_address>
         <size>0x1ba</size>
         <alignment>0x1</alignment>
         <input_file_ref idref="fl-33"/>
      </object_component>
      <object_component id="oc-9e">
         <name>.debug_line</name>
         <load_address>0x3e78</load_address>
         <run_address>0x3e78</run_address>
         <size>0x67</size>
         <alignment>0x1</alignment>
         <input_file_ref idref="fl-34"/>
      </object_component>
      <object_component id="oc-df">
         <name>.debug_line</name>
         <load_address>0x3edf</load_address>
         <run_address>0x3edf</run_address>
         <size>0x41</size>
         <alignment>0x1</alignment>
         <input_file_ref idref="fl-d6"/>
      </object_component>
      <object_component id="oc-137">
         <name>.debug_line</name>
         <load_address>0x3f20</load_address>
         <run_address>0x3f20</run_address>
         <size>0xab</size>
         <alignment>0x1</alignment>
         <input_file_ref idref="fl-d7"/>
      </object_component>
      <object_component id="oc-13a">
         <name>.debug_line</name>
         <load_address>0x3fcb</load_address>
         <run_address>0x3fcb</run_address>
         <size>0xc0</size>
         <alignment>0x1</alignment>
         <input_file_ref idref="fl-d8"/>
      </object_component>
      <object_component id="oc-42">
         <name>.debug_line</name>
         <load_address>0x408b</load_address>
         <run_address>0x408b</run_address>
         <size>0x9d</size>
         <alignment>0x1</alignment>
         <input_file_ref idref="fl-d9"/>
      </object_component>
      <object_component id="oc-5c">
         <name>.debug_line</name>
         <load_address>0x4128</load_address>
         <run_address>0x4128</run_address>
         <size>0xb3</size>
         <alignment>0x1</alignment>
         <input_file_ref idref="fl-da"/>
      </object_component>
      <object_component id="oc-da">
         <name>.debug_line</name>
         <load_address>0x41db</load_address>
         <run_address>0x41db</run_address>
         <size>0xbb</size>
         <alignment>0x1</alignment>
         <input_file_ref idref="fl-db"/>
      </object_component>
      <object_component id="oc-146">
         <name>.debug_line</name>
         <load_address>0x4296</load_address>
         <run_address>0x4296</run_address>
         <size>0x2da</size>
         <alignment>0x1</alignment>
         <input_file_ref idref="fl-dc"/>
      </object_component>
      <object_component id="oc-11e">
         <name>.debug_line</name>
         <load_address>0x4570</load_address>
         <run_address>0x4570</run_address>
         <size>0xae</size>
         <alignment>0x1</alignment>
         <input_file_ref idref="fl-dd"/>
      </object_component>
      <object_component id="oc-74">
         <name>.debug_line</name>
         <load_address>0x461e</load_address>
         <run_address>0x461e</run_address>
         <size>0xa0</size>
         <alignment>0x1</alignment>
         <input_file_ref idref="fl-de"/>
      </object_component>
      <object_component id="oc-b7">
         <name>.debug_line</name>
         <load_address>0x46be</load_address>
         <run_address>0x46be</run_address>
         <size>0x80</size>
         <alignment>0x1</alignment>
         <input_file_ref idref="fl-df"/>
[...]
      </symbol>
      <symbol id="sm-2">
         <name>__stop___llvm_prf_cnts</name>
         <value>0x20200000</value>
      </symbol>
      <symbol id="sm-3">
         <name>__start___llvm_prf_bits</name>
         <value>0x20200000</value>
      </symbol>
      <symbol id="sm-4">
         <name>__stop___llvm_prf_bits</name>
         <value>0x20200000</value>
      </symbol>
      <symbol id="sm-5">
         <name>__TI_CINIT_Base</name>
         <value>0x3854</value>
      </symbol>
      <symbol id="sm-6">
         <name>__TI_CINIT_Limit</name>
         <value>0x3864</value>
      </symbol>
      <symbol id="sm-7">
         <name>__TI_CINIT_Warm</name>
         <value>0x3864</value>
      </symbol>
      <symbol id="sm-8">
         <name>__TI_Handler_Table_Base</name>
         <value>0x3840</value>
      </symbol>
      <symbol id="sm-9">
         <name>__TI_Handler_Table_Limit</name>
         <value>0x384c</value>
      </symbol>
      <symbol id="sm-a">
         <name>binit</name>
         <value>0xffffffff</value>
      </symbol>
      <symbol id="sm-b">
         <name>__binit__</name>
         <value>0xffffffff</value>
      </symbol>
      <symbol id="sm-c">
         <name>__STACK_SIZE</name>
         <value>0x200</value>
      </symbol>
      <symbol id="sm-d">
         <name>__STACK_END</name>
         <value>0x20208000</value>
      </symbol>
      <symbol id="sm-e">
         <name>__TI_pprof_out_hndl</name>
         <value>0xffffffff</value>
      </symbol>
      <symbol id="sm-f">
         <name>__TI_prof_data_start</name>
         <value>0xffffffff</value>
      </symbol>
      <symbol id="sm-10">
         <name>__TI_prof_data_size</name>
         <value>0xffffffff</value>
      </symbol>
      <symbol id="sm-3b">
         <name>delay_ms</name>
         <value>0x348d</value>
         <object_component_ref idref="oc-89"/>
      </symbol>
      <symbol id="sm-49">
         <name>main</name>
         <value>0x1f31</value>
         <object_component_ref idref="oc-63"/>
      </symbol>
      <symbol id="sm-4a">
         <name>BMP1</name>
         <value>0x202004a8</value>
         <object_component_ref idref="oc-93"/>
      </symbol>
      <symbol id="sm-ce">
         <name>SYSCFG_DL_init</name>
         <value>0x33c5</value>
         <object_component_ref idref="oc-7b"/>
      </symbol>
      <symbol id="sm-cf">
         <name>SYSCFG_DL_initPower</name>
         <value>0x3159</value>
         <object_component_ref idref="oc-bb"/>
      </symbol>
      <symbol id="sm-d0">
         <name>SYSCFG_DL_GPIO_init</name>
         <value>0x2d9d</value>
         <object_component_ref idref="oc-bc"/>
      </symbol>
      <symbol id="sm-d1">
         <name>SYSCFG_DL_SYSCTL_init</name>
         <value>0x2e11</value>
         <object_component_ref idref="oc-bd"/>
      </symbol>
      <symbol id="sm-d2">
         <name>SYSCFG_DL_SPI_0_init</name>
         <value>0x319d</value>
         <object_component_ref idref="oc-be"/>
      </symbol>
      <symbol id="sm-d3">
         <name>gSPI_0Backup</name>
         <value>0x20200480</value>
      </symbol>
      <symbol id="sm-d4">
         <name>SYSCFG_DL_SYSCTL_SYSPLL_init</name>
         <value>0x285d</value>
         <object_component_ref idref="oc-103"/>
      </symbol>
      <symbol id="sm-df">
         <name>Default_Handler</name>
         <value>0x36df</value>
         <object_component_ref idref="oc-33"/>
      </symbol>
      <symbol id="sm-e0">
         <name>Reset_Handler</name>
         <value>0x36e7</value>
         <object_component_ref idref="oc-2f"/>
      </symbol>
      <symbol id="sm-e1">
         <name>interruptVectors</name>
         <value>0x0</value>
         <object_component_ref idref="oc-18"/>
      </symbol>
      <symbol id="sm-e2">
         <name>NMI_Handler</name>
         <value>0x36df</value>
         <object_component_ref idref="oc-33"/>
      </symbol>
      <symbol id="sm-e3">
         <name>HardFault_Handler</name>
         <value>0x36df</value>
         <object_component_ref idref="oc-33"/>
      </symbol>
      <symbol id="sm-e4">
         <name>SVC_Handler</name>
         <value>0x36df</value>
         <object_component_ref idref="oc-33"/>
      </symbol>
      <symbol id="sm-e5">
         <name>PendSV_Handler</name>
         <value>0x36df</value>
         <object_component_ref idref="oc-33"/>
      </symbol>
      <symbol id="sm-e6">
         <name>SysTick_Handler</name>
         <value>0x36df</value>
         <object_component_ref idref="oc-33"/>
      </symbol>
      <symbol id="sm-e7">
         <name>GROUP0_IRQHandler</name>
         <value>0x36df</value>
         <object_component_ref idref="oc-33"/>
      </symbol>
      <symbol id="sm-e8">
         <name>GROUP1_IRQHandler</name>
         <value>0x36df</value>
         <object_component_ref idref="oc-33"/>
      </symbol>
      <symbol id="sm-e9">
         <name>TIMG8_IRQHandler</name>
         <value>0x36df</value>
         <object_component_ref idref="oc-33"/>
      </symbol>
      <symbol id="sm-ea">
         <name>UART3_IRQHandler</name>
         <value>0x36df</value>
         <object_component_ref idref="oc-33"/>
      </symbol>
      <symbol id="sm-eb">
         <name>ADC0_IRQHandler</name>
         <value>0x36df</value>
         <object_component_ref idref="oc-33"/>
      </symbol>
      <symbol id="sm-ec">
         <name>ADC1_IRQHandler</name>
         <value>0x36df</value>
         <object_component_ref idref="oc-33"/>
      </symbol>
      <symbol id="sm-ed">
         <name>CANFD0_IRQHandler</name>
         <value>0x36df</value>
         <object_component_ref idref="oc-33"/>
      </symbol>
      <symbol id="sm-ee">
         <name>DAC0_IRQHandler</name>
         <value>0x36df</value>
         <object_component_ref idref="oc-33"/>
      </symbol>
      <symbol id="sm-ef">
         <name>SPI0_IRQHandler</name>
         <value>0x36df</value>
         <object_component_ref idref="oc-33"/>
      </symbol>
      <symbol id="sm-f0">
         <name>SPI1_IRQHandler</name>
         <value>0x36df</value>
         <object_component_ref idref="oc-33"/>
      </symbol>
      <symbol id="sm-f1">
         <name>UART1_IRQHandler</name>
         <value>0x36df</value>
         <object_component_ref idref="oc-33"/>
      </symbol>
      <symbol id="sm-f2">
         <name>UART2_IRQHandler</name>
         <value>0x36df</value>
         <object_component_ref idref="oc-33"/>
      </symbol>
      <symbol id="sm-f3">
         <name>UART0_IRQHandler</name>
         <value>0x36df</value>
         <object_component_ref idref="oc-33"/>
      </symbol>
      <symbol id="sm-f4">
         <name>TIMG0_IRQHandler</name>
         <value>0x36df</value>
         <object_component_ref idref="oc-33"/>
      </symbol>
      <symbol id="sm-f5">
         <name>TIMG6_IRQHandler</name>
         <value>0x36df</value>
         <object_component_ref idref="oc-33"/>
      </symbol>
      <symbol id="sm-f6">
         <name>TIMA0_IRQHandler</name>
         <value>0x36df</value>
         <object_component_ref idref="oc-33"/>
      </symbol>
      <symbol id="sm-f7">
         <name>TIMA1_IRQHandler</name>
         <value>0x36df</value>
         <object_component_ref idref="oc-33"/>
      </symbol>
      <symbol id="sm-f8">
         <name>TIMG7_IRQHandler</name>
         <value>0x36df</value>
         <object_component_ref idref="oc-33"/>
      </symbol>
      <symbol id="sm-f9">
         <name>TIMG12_IRQHandler</name>
         <value>0x36df</value>
         <object_component_ref idref="oc-33"/>
      </symbol>
      <symbol id="sm-fa">
         <name>I2C0_IRQHandler</name>
         <value>0x36df</value>
         <object_component_ref idref="oc-33"/>
      </symbol>
      <symbol id="sm-fb">
         <name>I2C1_IRQHandler</name>
         <value>0x36df</value>
         <object_component_ref idref="oc-33"/>
      </symbol>
      <symbol id="sm-fc">
         <name>AES_IRQHandler</name>
         <value>0x36df</value>
         <object_component_ref idref="oc-33"/>
      </symbol>
      <symbol id="sm-fd">
         <name>RTC_IRQHandler</name>
         <value>0x36df</value>
         <object_component_ref idref="oc-33"/>
      </symbol>
      <symbol id="sm-fe">
         <name>DMA_IRQHandler</name>
         <value>0x36df</value>
         <object_component_ref idref="oc-33"/>
      </symbol>
      <symbol id="sm-13b">
         <name>OLED_ColorTurn</name>
         <value>0x3259</value>
         <object_component_ref idref="oc-85"/>
      </symbol>
      <symbol id="sm-13c">
         <name>OLED_WR_Byte</name>
         <value>0x2d29</value>
         <object_component_ref idref="oc-c4"/>
      </symbol>
      <symbol id="sm-13d">
         <name>OLED_DisplayTurn</name>
         <value>0x3089</value>
         <object_component_ref idref="oc-86"/>
      </symbol>
      <symbol id="sm-13e">
         <name>OLED_Refresh</name>
         <value>0x2c31</value>
         <object_component_ref idref="oc-88"/>
      </symbol>
      <symbol id="sm-13f">
         <name>OLED_GRAM</name>
         <value>0x20200000</value>
      </symbol>
      <symbol id="sm-140">
         <name>OLED_Clear</name>
         <value>0x3029</value>
         <object_component_ref idref="oc-8d"/>
      </symbol>
      <symbol id="sm-141">
         <name>OLED_DrawPoint</name>
         <value>0x2ba1</value>
         <object_component_ref idref="oc-c7"/>
      </symbol>
      <symbol id="sm-142">
         <name>OLED_ShowChar</name>
         <value>0x2141</value>
         <object_component_ref idref="oc-90"/>
      </symbol>
      <symbol id="sm-143">
         <name>asc2_2412</name>
         <value>0xc0</value>
         <object_component_ref idref="oc-d3"/>
      </symbol>
      <symbol id="sm-144">
         <name>asc2_1608</name>
         <value>0xe1c</value>
         <object_component_ref idref="oc-d4"/>
      </symbol>
      <symbol id="sm-145">
         <name>asc2_1206</name>
         <value>0x140c</value>
         <object_component_ref idref="oc-d5"/>
      </symbol>
      <symbol id="sm-146">
         <name>asc2_0806</name>
         <value>0x1880</value>
         <object_component_ref idref="oc-d6"/>
      </symbol>
      <symbol id="sm-147">
         <name>OLED_ShowString</name>
         <value>0x2b05</value>
         <object_component_ref idref="oc-8f"/>
      </symbol>
      <symbol id="sm-148">
         <name>OLED_Pow</name>
         <value>0x32bd</value>
         <object_component_ref idref="oc-d7"/>
      </symbol>
      <symbol id="sm-149">
         <name>OLED_ShowNum</name>
         <value>0x2945</value>
         <object_component_ref idref="oc-91"/>
      </symbol>
      <symbol id="sm-14a">
         <name>OLED_ShowChinese</name>
         <value>0x2311</value>
         <object_component_ref idref="oc-8e"/>
      </symbol>
      <symbol id="sm-14b">
         <name>Hzk4</name>
         <value>0x1aa8</value>
         <object_component_ref idref="oc-cf"/>
      </symbol>
      <symbol id="sm-14c">
         <name>Hzk3</name>
         <value>0x1e08</value>
         <object_component_ref idref="oc-d0"/>
      </symbol>
      <symbol id="sm-14d">
         <name>Hzk2</name>
         <value>0x1e88</value>
         <object_component_ref idref="oc-d1"/>
      </symbol>
      <symbol id="sm-14e">
         <name>Hzk1</name>
         <value>0x1ca8</value>
         <object_component_ref idref="oc-d2"/>
      </symbol>
      <symbol id="sm-14f">
         <name>OLED_ScrollDisplay</name>
         <value>0x24b1</value>
         <object_component_ref idref="oc-92"/>
      </symbol>
      <symbol id="sm-150">
         <name>OLED_ShowPicture</name>
         <value>0x25fd</value>
         <object_component_ref idref="oc-87"/>
      </symbol>
      <symbol id="sm-151">
         <name>OLED_Init</name>
         <value>0x273d</value>
         <object_component_ref idref="oc-80"/>
      </symbol>
      <symbol id="sm-152">
         <name>__TI_ATRegion0_src_addr</name>
         <value>0x0</value>
      </symbol>
      <symbol id="sm-153">
         <name>__TI_ATRegion0_trg_addr</name>
         <value>0x0</value>
      </symbol>
      <symbol id="sm-154">
         <name>__TI_ATRegion0_region_sz</name>
         <value>0x0</value>
      </symbol>
      <symbol id="sm-155">
         <name>__TI_ATRegion1_src_addr</name>
         <value>0x0</value>
      </symbol>
      <symbol id="sm-156">
         <name>__TI_ATRegion1_trg_addr</name>
         <value>0x0</value>
      </symbol>
      <symbol id="sm-157">
         <name>__TI_ATRegion1_region_sz</name>
         <value>0x0</value>
      </symbol>
      <symbol id="sm-158">
         <name>__TI_ATRegion2_src_addr</name>
         <value>0x0</value>
      </symbol>
      <symbol id="sm-159">
         <name>__TI_ATRegion2_trg_addr</name>
         <value>0x0</value>
      </symbol>
      <symbol id="sm-15a">
         <name>__TI_ATRegion2_region_sz</name>
         <value>0x0</value>
      </symbol>
      <symbol id="sm-163">
         <name>DL_Common_delayCycles</name>
         <value>0x36c5</value>
         <object_component_ref idref="oc-c9"/>
      </symbol>
      <symbol id="sm-170">
         <name>DL_SPI_init</name>
         <value>0x30d1</value>
         <object_component_ref idref="oc-10f"/>
      </symbol>
      <symbol id="sm-171">
         <name>DL_SPI_setClockConfig</name>
         <value>0x3619</value>
         <object_component_ref idref="oc-109"/>
      </symbol>
      <symbol id="sm-185">
         <name>DL_SYSCTL_configSYSPLL</name>
         <value>0x2a29</value>
         <object_component_ref idref="oc-102"/>
      </symbol>
      <symbol id="sm-186">
         <name>DL_SYSCTL_switchMCLKfromSYSOSCtoHSCLK</name>
         <value>0x3115</value>
         <object_component_ref idref="oc-107"/>
      </symbol>
      <symbol id="sm-187">
         <name>DL_SYSCTL_setHFCLKSourceHFXTParams</name>
         <value>0x2f61</value>
         <object_component_ref idref="oc-fc"/>
      </symbol>
      <symbol id="sm-188">
         <name>DL_SYSCTL_configFCC</name>
         <value>0x341d</value>
         <object_component_ref idref="oc-130"/>
      </symbol>
      <symbol id="sm-193">
         <name>_c_int00_noargs</name>
         <value>0x3315</value>
         <object_component_ref idref="oc-4f"/>
      </symbol>
      <symbol id="sm-194">
         <name>__stack</name>
         <value>0x20207e00</value>
         <object_component_ref idref="oc-1a"/>
      </symbol>
      <symbol id="sm-1a0">
         <name>__TI_auto_init_nobinit_nopinit</name>
         <value>0x321d</value>
         <object_component_ref idref="oc-a2"/>
      </symbol>
      <symbol id="sm-1a8">
         <name>_system_pre_init</name>
         <value>0x36eb</value>
         <object_component_ref idref="oc-5f"/>
      </symbol>
      <symbol id="sm-1b3">
         <name>__TI_zero_init</name>
         <value>0x3681</value>
         <object_component_ref idref="oc-4c"/>
      </symbol>
      <symbol id="sm-1bc">
         <name>__TI_decompress_none</name>
         <value>0x363d</value>
         <object_component_ref idref="oc-20"/>
      </symbol>
      <symbol id="sm-1c7">
         <name>__TI_decompress_lzss</name>
         <value>0x2cad</value>
         <object_component_ref idref="oc-1c"/>
      </symbol>
      <symbol id="sm-1d1">
         <name>abort</name>
         <value>0x36d9</value>
         <object_component_ref idref="oc-9b"/>
      </symbol>
      <symbol id="sm-1db">
         <name>HOSTexit</name>
         <value>0x36e3</value>
         <object_component_ref idref="oc-dc"/>
      </symbol>
      <symbol id="sm-1dc">
         <name>C$$EXIT</name>
         <value>0x36e2</value>
         <object_component_ref idref="oc-dc"/>
      </symbol>
      <symbol id="sm-1e2">
         <name>__aeabi_ui2d</name>
         <value>0x3361</value>
         <object_component_ref idref="oc-134"/>
      </symbol>
      <symbol id="sm-1e3">
         <name>__floatunsidf</name>
         <value>0x3361</value>
         <object_component_ref idref="oc-134"/>
      </symbol>
      <symbol id="sm-1e9">
         <name>__aeabi_dcmpeq</name>
         <value>0x2fc5</value>
         <object_component_ref idref="oc-138"/>
      </symbol>
      <symbol id="sm-1ea">
         <name>__aeabi_dcmplt</name>
         <value>0x2fd9</value>
         <object_component_ref idref="oc-138"/>
      </symbol>
      <symbol id="sm-1eb">
         <name>__aeabi_dcmple</name>
         <value>0x2fed</value>
         <object_component_ref idref="oc-138"/>
      </symbol>
      <symbol id="sm-1ec">
         <name>__aeabi_dcmpge</name>
         <value>0x3001</value>
         <object_component_ref idref="oc-138"/>
      </symbol>
      <symbol id="sm-1ed">
         <name>__aeabi_dcmpgt</name>
         <value>0x3015</value>
         <object_component_ref idref="oc-138"/>
      </symbol>
      <symbol id="sm-1f3">
         <name>__aeabi_memcpy</name>
         <value>0x36d1</value>
         <object_component_ref idref="oc-3f"/>
      </symbol>
      <symbol id="sm-1f4">
         <name>__aeabi_memcpy4</name>
         <value>0x36d1</value>
         <object_component_ref idref="oc-3f"/>
      </symbol>
      <symbol id="sm-1f5">
         <name>__aeabi_memcpy8</name>
         <value>0x36d1</value>
         <object_component_ref idref="oc-3f"/>
      </symbol>
      <symbol id="sm-1fc">
         <name>__aeabi_memclr</name>
         <value>0x36b9</value>
         <object_component_ref idref="oc-5a"/>
      </symbol>
      <symbol id="sm-1fd">
         <name>__aeabi_memclr4</name>
         <value>0x36b9</value>
         <object_component_ref idref="oc-5a"/>
      </symbol>
      <symbol id="sm-1fe">
         <name>__aeabi_memclr8</name>
         <value>0x36b9</value>
         <object_component_ref idref="oc-5a"/>
      </symbol>
      <symbol id="sm-204">
         <name>__aeabi_uidiv</name>
         <value>0x31dd</value>
         <object_component_ref idref="oc-d8"/>
      </symbol>
      <symbol id="sm-205">
         <name>__aeabi_uidivmod</name>
         <value>0x31dd</value>
         <object_component_ref idref="oc-d8"/>
      </symbol>
      <symbol id="sm-213">
         <name>__ledf2</name>
         <value>0x2ef9</value>
         <object_component_ref idref="oc-142"/>
      </symbol>
      <symbol id="sm-214">
         <name>__gedf2</name>
         <value>0x2e85</value>
         <object_component_ref idref="oc-148"/>
      </symbol>
      <symbol id="sm-215">
         <name>__cmpdf2</name>
         <value>0x2ef9</value>
         <object_component_ref idref="oc-142"/>
      </symbol>
      <symbol id="sm-216">
         <name>__eqdf2</name>
         <value>0x2ef9</value>
         <object_component_ref idref="oc-142"/>
      </symbol>
      <symbol id="sm-217">
         <name>__ltdf2</name>
         <value>0x2ef9</value>
         <object_component_ref idref="oc-142"/>
      </symbol>
      <symbol id="sm-218">
         <name>__nedf2</name>
         <value>0x2ef9</value>
         <object_component_ref idref="oc-142"/>
      </symbol>
      <symbol id="sm-219">
         <name>__gtdf2</name>
         <value>0x2e85</value>
         <object_component_ref idref="oc-148"/>
      </symbol>
      <symbol id="sm-223">
         <name>__aeabi_idiv0</name>
         <value>0x273b</value>
         <object_component_ref idref="oc-11b"/>
      </symbol>
      <symbol id="sm-22c">
         <name>TI_memcpy_small</name>
         <value>0x362b</value>
         <object_component_ref idref="oc-71"/>
      </symbol>
      <symbol id="sm-235">
         <name>TI_memset_small</name>
         <value>0x3691</value>
         <object_component_ref idref="oc-b5"/>
      </symbol>
      <symbol id="sm-236">
         <name>__TI_static_base__</name>
         <value>0x0</value>
      </symbol>
      <symbol id="sm-239">
         <name>__mpu_init</name>
         <value>0x0</value>
      </symbol>
      <symbol id="sm-23a">
         <name>_system_post_cinit</name>
         <value>0x0</value>
      </symbol>
   </symbol_table>
   <title>Link successful</title>
</link_info>
