[0.627s] Invoking command in '/home/shenmo/ros/ros2ver/ros2_ws/src/armpi_lite': PYTHONPATH=/home/shenmo/ros/ros2ver/ros2_ws/build/armpi_lite/prefix_override:/usr/lib/python3/dist-packages/colcon_core/task/python/colcon_distutils_commands:/home/shenmo/ros/ros2ver/ros2_ws/install/armpi_lite/lib/python3.10/site-packages:${PYTHONPATH} /usr/bin/python3 -W ignore:setup.py install is deprecated -W ignore:easy_install command is deprecated setup.py egg_info --egg-base ../../build/armpi_lite build --build-base /home/shenmo/ros/ros2ver/ros2_ws/build/armpi_lite/build install --record /home/shenmo/ros/ros2ver/ros2_ws/build/armpi_lite/install.log --install-scripts $base/lib/armpi_lite --single-version-externally-managed install_data
[0.854s] running egg_info
[0.855s] writing ../../build/armpi_lite/armpi_lite.egg-info/PKG-INFO
[0.856s] writing dependency_links to ../../build/armpi_lite/armpi_lite.egg-info/dependency_links.txt
[0.856s] writing entry points to ../../build/armpi_lite/armpi_lite.egg-info/entry_points.txt
[0.856s] writing requirements to ../../build/armpi_lite/armpi_lite.egg-info/requires.txt
[0.856s] writing top-level names to ../../build/armpi_lite/armpi_lite.egg-info/top_level.txt
[0.859s] reading manifest file '../../build/armpi_lite/armpi_lite.egg-info/SOURCES.txt'
[0.860s] writing manifest file '../../build/armpi_lite/armpi_lite.egg-info/SOURCES.txt'
[0.860s] running build
[0.860s] running build_py
[0.861s] copying armpi_lite/gui_node.py -> /home/shenmo/ros/ros2ver/ros2_ws/build/armpi_lite/build/lib/armpi_lite
[0.861s] running install
[0.862s] running install_lib
[0.863s] copying /home/shenmo/ros/ros2ver/ros2_ws/build/armpi_lite/build/lib/armpi_lite/gui_node.py -> /home/shenmo/ros/ros2ver/ros2_ws/install/armpi_lite/lib/python3.10/site-packages/armpi_lite
[0.864s] byte-compiling /home/shenmo/ros/ros2ver/ros2_ws/install/armpi_lite/lib/python3.10/site-packages/armpi_lite/gui_node.py to gui_node.cpython-310.pyc
[0.866s] running install_data
[0.868s] running install_egg_info
[0.869s] removing '/home/shenmo/ros/ros2ver/ros2_ws/install/armpi_lite/lib/python3.10/site-packages/armpi_lite-0.1.0-py3.10.egg-info' (and everything under it)
[0.870s] Copying ../../build/armpi_lite/armpi_lite.egg-info to /home/shenmo/ros/ros2ver/ros2_ws/install/armpi_lite/lib/python3.10/site-packages/armpi_lite-0.1.0-py3.10.egg-info
[0.873s] running install_scripts
[0.895s] Installing arm_node script to /home/shenmo/ros/ros2ver/ros2_ws/install/armpi_lite/lib/armpi_lite
[0.895s] Installing camera_node script to /home/shenmo/ros/ros2ver/ros2_ws/install/armpi_lite/lib/armpi_lite
[0.895s] Installing detect_node script to /home/shenmo/ros/ros2ver/ros2_ws/install/armpi_lite/lib/armpi_lite
[0.896s] Installing gui_node script to /home/shenmo/ros/ros2ver/ros2_ws/install/armpi_lite/lib/armpi_lite
[0.896s] writing list of installed files to '/home/shenmo/ros/ros2ver/ros2_ws/build/armpi_lite/install.log'
[0.932s] Invoked command in '/home/shenmo/ros/ros2ver/ros2_ws/src/armpi_lite' returned '0': PYTHONPATH=/home/shenmo/ros/ros2ver/ros2_ws/build/armpi_lite/prefix_override:/usr/lib/python3/dist-packages/colcon_core/task/python/colcon_distutils_commands:/home/shenmo/ros/ros2ver/ros2_ws/install/armpi_lite/lib/python3.10/site-packages:${PYTHONPATH} /usr/bin/python3 -W ignore:setup.py install is deprecated -W ignore:easy_install command is deprecated setup.py egg_info --egg-base ../../build/armpi_lite build --build-base /home/shenmo/ros/ros2ver/ros2_ws/build/armpi_lite/build install --record /home/shenmo/ros/ros2ver/ros2_ws/build/armpi_lite/install.log --install-scripts $base/lib/armpi_lite --single-version-externally-managed install_data
