/home/shenmo/ros/ros2ver/ros2_ws/install/armpi_lite/lib/python3.10/site-packages/armpi_lite/__init__.py
/home/shenmo/ros/ros2ver/ros2_ws/install/armpi_lite/lib/python3.10/site-packages/armpi_lite/camera_node.py
/home/shenmo/ros/ros2ver/ros2_ws/install/armpi_lite/lib/python3.10/site-packages/armpi_lite/detect_node.py
/home/shenmo/ros/ros2ver/ros2_ws/install/armpi_lite/lib/python3.10/site-packages/armpi_lite/serial_protocol.py
/home/shenmo/ros/ros2ver/ros2_ws/install/armpi_lite/lib/python3.10/site-packages/armpi_lite/arm_node.py
/home/shenmo/ros/ros2ver/ros2_ws/install/armpi_lite/lib/python3.10/site-packages/armpi_lite/kinematics.py
/home/shenmo/ros/ros2ver/ros2_ws/install/armpi_lite/lib/python3.10/site-packages/armpi_lite/gui_node.py
/home/shenmo/ros/ros2ver/ros2_ws/install/armpi_lite/lib/python3.10/site-packages/armpi_lite/__pycache__/__init__.cpython-310.pyc
/home/shenmo/ros/ros2ver/ros2_ws/install/armpi_lite/lib/python3.10/site-packages/armpi_lite/__pycache__/camera_node.cpython-310.pyc
/home/shenmo/ros/ros2ver/ros2_ws/install/armpi_lite/lib/python3.10/site-packages/armpi_lite/__pycache__/detect_node.cpython-310.pyc
/home/shenmo/ros/ros2ver/ros2_ws/install/armpi_lite/lib/python3.10/site-packages/armpi_lite/__pycache__/serial_protocol.cpython-310.pyc
/home/shenmo/ros/ros2ver/ros2_ws/install/armpi_lite/lib/python3.10/site-packages/armpi_lite/__pycache__/arm_node.cpython-310.pyc
/home/shenmo/ros/ros2ver/ros2_ws/install/armpi_lite/lib/python3.10/site-packages/armpi_lite/__pycache__/kinematics.cpython-310.pyc
/home/shenmo/ros/ros2ver/ros2_ws/install/armpi_lite/lib/python3.10/site-packages/armpi_lite/__pycache__/gui_node.cpython-310.pyc
/home/shenmo/ros/ros2ver/ros2_ws/install/armpi_lite/share/ament_index/resource_index/packages/armpi_lite
/home/shenmo/ros/ros2ver/ros2_ws/install/armpi_lite/share/armpi_lite/package.xml
/home/shenmo/ros/ros2ver/ros2_ws/install/armpi_lite/share/armpi_lite/launch/grasp.launch.py
/home/shenmo/ros/ros2ver/ros2_ws/install/armpi_lite/share/armpi_lite/config/armpi_lite.yaml
/home/shenmo/ros/ros2ver/ros2_ws/install/armpi_lite/share/armpi_lite/yolov5_vendor/config/yolov5s.yaml
/home/shenmo/ros/ros2ver/ros2_ws/install/armpi_lite/share/armpi_lite/yolov5_vendor/models/__init__.py
/home/shenmo/ros/ros2ver/ros2_ws/install/armpi_lite/share/armpi_lite/yolov5_vendor/models/yolo.py
/home/shenmo/ros/ros2ver/ros2_ws/install/armpi_lite/share/armpi_lite/yolov5_vendor/models/yolov5s.yaml
/home/shenmo/ros/ros2ver/ros2_ws/install/armpi_lite/share/armpi_lite/yolov5_vendor/models/yolov5m.yaml
/home/shenmo/ros/ros2ver/ros2_ws/install/armpi_lite/share/armpi_lite/yolov5_vendor/models/experimental.py
/home/shenmo/ros/ros2ver/ros2_ws/install/armpi_lite/share/armpi_lite/yolov5_vendor/models/common.py
/home/shenmo/ros/ros2ver/ros2_ws/install/armpi_lite/share/armpi_lite/yolov5_vendor/models/yolov5x.yaml
/home/shenmo/ros/ros2ver/ros2_ws/install/armpi_lite/share/armpi_lite/yolov5_vendor/models/yolov5l.yaml
/home/shenmo/ros/ros2ver/ros2_ws/install/armpi_lite/share/armpi_lite/yolov5_vendor/models/tf.py
/home/shenmo/ros/ros2ver/ros2_ws/install/armpi_lite/share/armpi_lite/yolov5_vendor/models/yolov5n.yaml
/home/shenmo/ros/ros2ver/ros2_ws/install/armpi_lite/share/armpi_lite/yolov5_vendor/models/pruned_common.py
/home/shenmo/ros/ros2ver/ros2_ws/install/armpi_lite/share/armpi_lite/yolov5_vendor/models/hub/yolov5-panet.yaml
/home/shenmo/ros/ros2ver/ros2_ws/install/armpi_lite/share/armpi_lite/yolov5_vendor/models/hub/yolov3-tiny.yaml
/home/shenmo/ros/ros2ver/ros2_ws/install/armpi_lite/share/armpi_lite/yolov5_vendor/models/hub/yolov5-p6.yaml
/home/shenmo/ros/ros2ver/ros2_ws/install/armpi_lite/share/armpi_lite/yolov5_vendor/models/hub/yolov5m6.yaml
/home/shenmo/ros/ros2ver/ros2_ws/install/armpi_lite/share/armpi_lite/yolov5_vendor/models/hub/yolov3-spp.yaml
/home/shenmo/ros/ros2ver/ros2_ws/install/armpi_lite/share/armpi_lite/yolov5_vendor/models/hub/yolov5n6.yaml
/home/shenmo/ros/ros2ver/ros2_ws/install/armpi_lite/share/armpi_lite/yolov5_vendor/models/hub/yolov5x6.yaml
/home/shenmo/ros/ros2ver/ros2_ws/install/armpi_lite/share/armpi_lite/yolov5_vendor/models/hub/yolov5s6.yaml
/home/shenmo/ros/ros2ver/ros2_ws/install/armpi_lite/share/armpi_lite/yolov5_vendor/models/hub/yolov5-bifpn.yaml
/home/shenmo/ros/ros2ver/ros2_ws/install/armpi_lite/share/armpi_lite/yolov5_vendor/models/hub/yolov5-p7.yaml
/home/shenmo/ros/ros2ver/ros2_ws/install/armpi_lite/share/armpi_lite/yolov5_vendor/models/hub/yolov5-fpn.yaml
/home/shenmo/ros/ros2ver/ros2_ws/install/armpi_lite/share/armpi_lite/yolov5_vendor/models/hub/yolov5l6.yaml
/home/shenmo/ros/ros2ver/ros2_ws/install/armpi_lite/share/armpi_lite/yolov5_vendor/models/hub/anchors.yaml
/home/shenmo/ros/ros2ver/ros2_ws/install/armpi_lite/share/armpi_lite/yolov5_vendor/models/hub/yolov3.yaml
/home/shenmo/ros/ros2ver/ros2_ws/install/armpi_lite/share/armpi_lite/yolov5_vendor/models/hub/yolov5-p2.yaml
/home/shenmo/ros/ros2ver/ros2_ws/install/armpi_lite/share/armpi_lite/yolov5_vendor/models/hub/yolov5s-transformer.yaml
/home/shenmo/ros/ros2ver/ros2_ws/install/armpi_lite/share/armpi_lite/yolov5_vendor/models/hub/yolov5s-ghost.yaml
/home/shenmo/ros/ros2ver/ros2_ws/install/armpi_lite/share/armpi_lite/yolov5_vendor/weights/best.pt
/home/shenmo/ros/ros2ver/ros2_ws/install/armpi_lite/share/armpi_lite/yolov5_vendor/utils/loss.py
/home/shenmo/ros/ros2ver/ros2_ws/install/armpi_lite/share/armpi_lite/yolov5_vendor/utils/augmentations.py
/home/shenmo/ros/ros2ver/ros2_ws/install/armpi_lite/share/armpi_lite/yolov5_vendor/utils/__init__.py
/home/shenmo/ros/ros2ver/ros2_ws/install/armpi_lite/share/armpi_lite/yolov5_vendor/utils/callbacks.py
/home/shenmo/ros/ros2ver/ros2_ws/install/armpi_lite/share/armpi_lite/yolov5_vendor/utils/activations.py
/home/shenmo/ros/ros2ver/ros2_ws/install/armpi_lite/share/armpi_lite/yolov5_vendor/utils/metrics.py
/home/shenmo/ros/ros2ver/ros2_ws/install/armpi_lite/share/armpi_lite/yolov5_vendor/utils/downloads.py
/home/shenmo/ros/ros2ver/ros2_ws/install/armpi_lite/share/armpi_lite/yolov5_vendor/utils/general.py
/home/shenmo/ros/ros2ver/ros2_ws/install/armpi_lite/share/armpi_lite/yolov5_vendor/utils/plots.py
/home/shenmo/ros/ros2ver/ros2_ws/install/armpi_lite/share/armpi_lite/yolov5_vendor/utils/datasets.py
/home/shenmo/ros/ros2ver/ros2_ws/install/armpi_lite/share/armpi_lite/yolov5_vendor/utils/autoanchor.py
/home/shenmo/ros/ros2ver/ros2_ws/install/armpi_lite/share/armpi_lite/yolov5_vendor/utils/torch_utils.py
/home/shenmo/ros/ros2ver/ros2_ws/install/armpi_lite/share/armpi_lite/yolov5_vendor/utils/google_app_engine/Dockerfile
/home/shenmo/ros/ros2ver/ros2_ws/install/armpi_lite/share/armpi_lite/yolov5_vendor/utils/google_app_engine/additional_requirements.txt
/home/shenmo/ros/ros2ver/ros2_ws/install/armpi_lite/share/armpi_lite/yolov5_vendor/utils/google_app_engine/app.yaml
/home/shenmo/ros/ros2ver/ros2_ws/install/armpi_lite/share/armpi_lite/yolov5_vendor/utils/loggers/__init__.py
/home/shenmo/ros/ros2ver/ros2_ws/install/armpi_lite/share/armpi_lite/yolov5_vendor/utils/loggers/wandb/log_dataset.py
/home/shenmo/ros/ros2ver/ros2_ws/install/armpi_lite/share/armpi_lite/yolov5_vendor/utils/loggers/wandb/__init__.py
/home/shenmo/ros/ros2ver/ros2_ws/install/armpi_lite/share/armpi_lite/yolov5_vendor/utils/loggers/wandb/sweep.yaml
/home/shenmo/ros/ros2ver/ros2_ws/install/armpi_lite/share/armpi_lite/yolov5_vendor/utils/loggers/wandb/sweep.py
/home/shenmo/ros/ros2ver/ros2_ws/install/armpi_lite/share/armpi_lite/yolov5_vendor/utils/loggers/wandb/README.md
/home/shenmo/ros/ros2ver/ros2_ws/install/armpi_lite/share/armpi_lite/yolov5_vendor/utils/loggers/wandb/wandb_utils.py
/home/shenmo/ros/ros2ver/ros2_ws/install/armpi_lite/share/armpi_lite/yolov5_vendor/utils/aws/__init__.py
/home/shenmo/ros/ros2ver/ros2_ws/install/armpi_lite/share/armpi_lite/yolov5_vendor/utils/aws/userdata.sh
/home/shenmo/ros/ros2ver/ros2_ws/install/armpi_lite/share/armpi_lite/yolov5_vendor/utils/aws/resume.py
/home/shenmo/ros/ros2ver/ros2_ws/install/armpi_lite/share/armpi_lite/yolov5_vendor/utils/aws/mime.sh
/home/shenmo/ros/ros2ver/ros2_ws/install/armpi_lite/share/armpi_lite/yolov5_vendor/utils/flask_rest_api/example_request.py
/home/shenmo/ros/ros2ver/ros2_ws/install/armpi_lite/share/armpi_lite/yolov5_vendor/utils/flask_rest_api/restapi.py
/home/shenmo/ros/ros2ver/ros2_ws/install/armpi_lite/share/armpi_lite/yolov5_vendor/utils/flask_rest_api/README.md
/home/shenmo/ros/ros2ver/ros2_ws/install/armpi_lite/lib/python3.10/site-packages/armpi_lite-0.1.0-py3.10.egg-info/zip-safe
/home/shenmo/ros/ros2ver/ros2_ws/install/armpi_lite/lib/python3.10/site-packages/armpi_lite-0.1.0-py3.10.egg-info/top_level.txt
/home/shenmo/ros/ros2ver/ros2_ws/install/armpi_lite/lib/python3.10/site-packages/armpi_lite-0.1.0-py3.10.egg-info/PKG-INFO
/home/shenmo/ros/ros2ver/ros2_ws/install/armpi_lite/lib/python3.10/site-packages/armpi_lite-0.1.0-py3.10.egg-info/entry_points.txt
/home/shenmo/ros/ros2ver/ros2_ws/install/armpi_lite/lib/python3.10/site-packages/armpi_lite-0.1.0-py3.10.egg-info/SOURCES.txt
/home/shenmo/ros/ros2ver/ros2_ws/install/armpi_lite/lib/python3.10/site-packages/armpi_lite-0.1.0-py3.10.egg-info/dependency_links.txt
/home/shenmo/ros/ros2ver/ros2_ws/install/armpi_lite/lib/python3.10/site-packages/armpi_lite-0.1.0-py3.10.egg-info/requires.txt
/home/shenmo/ros/ros2ver/ros2_ws/install/armpi_lite/lib/armpi_lite/arm_node
/home/shenmo/ros/ros2ver/ros2_ws/install/armpi_lite/lib/armpi_lite/camera_node
/home/shenmo/ros/ros2ver/ros2_ws/install/armpi_lite/lib/armpi_lite/detect_node
/home/shenmo/ros/ros2ver/ros2_ws/install/armpi_lite/lib/armpi_lite/gui_node
