[0.338s] DEBUG:colcon:Command line arguments: ['/usr/bin/colcon', 'build', '--packages-select', 'armpi_lite']
[0.338s] DEBUG:colcon:Parsed command line arguments: Namespace(log_base=None, log_level=None, verb_name='build', build_base='build', install_base='install', merge_install=False, symlink_install=False, test_result_base=None, continue_on_error=False, executor='parallel', parallel_workers=12, event_handlers=None, ignore_user_meta=False, metas=['./colcon.meta'], base_paths=['.'], packages_ignore=None, packages_ignore_regex=None, paths=None, packages_up_to=None, packages_up_to_regex=None, packages_above=None, packages_above_and_dependencies=None, packages_above_depth=None, packages_select_by_dep=None, packages_skip_by_dep=None, packages_skip_up_to=None, packages_select_build_failed=False, packages_skip_build_finished=False, packages_select_test_failures=False, packages_skip_test_passed=False, packages_select=['armpi_lite'], packages_skip=None, packages_select_regex=None, packages_skip_regex=None, packages_start=None, packages_end=None, allow_overriding=[], cmake_args=None, cmake_target=None, cmake_target_skip_unavailable=False, cmake_clean_cache=False, cmake_clean_first=False, cmake_force_configure=False, ament_cmake_args=None, catkin_cmake_args=None, catkin_skip_building_tests=False, verb_parser=<colcon_defaults.argument_parser.defaults.DefaultArgumentsDecorator object at 0x7d550b737400>, verb_extension=<colcon_core.verb.build.BuildVerb object at 0x7d550b870be0>, main=<bound method BuildVerb.main of <colcon_core.verb.build.BuildVerb object at 0x7d550b870be0>>)
[0.647s] Level 1:colcon.colcon_core.package_discovery:discover_packages(colcon_meta) check parameters
[0.647s] Level 1:colcon.colcon_core.package_discovery:discover_packages(recursive) check parameters
[0.648s] Level 1:colcon.colcon_core.package_discovery:discover_packages(ignore) check parameters
[0.648s] Level 1:colcon.colcon_core.package_discovery:discover_packages(path) check parameters
[0.648s] Level 1:colcon.colcon_core.package_discovery:discover_packages(colcon_meta) discover
[0.648s] Level 1:colcon.colcon_core.package_discovery:discover_packages(recursive) discover
[0.648s] INFO:colcon.colcon_core.package_discovery:Crawling recursively for packages in '/home/shenmo/ros/ros2ver/ros2_ws'
[0.648s] Level 1:colcon.colcon_core.package_identification:_identify(.) by extensions ['ignore', 'ignore_ament_install']
[0.648s] Level 1:colcon.colcon_core.package_identification:_identify(.) by extension 'ignore'
[0.648s] Level 1:colcon.colcon_core.package_identification:_identify(.) by extension 'ignore_ament_install'
[0.648s] Level 1:colcon.colcon_core.package_identification:_identify(.) by extensions ['colcon_pkg']
[0.648s] Level 1:colcon.colcon_core.package_identification:_identify(.) by extension 'colcon_pkg'
[0.648s] Level 1:colcon.colcon_core.package_identification:_identify(.) by extensions ['colcon_meta']
[0.648s] Level 1:colcon.colcon_core.package_identification:_identify(.) by extension 'colcon_meta'
[0.648s] Level 1:colcon.colcon_core.package_identification:_identify(.) by extensions ['ros']
[0.649s] Level 1:colcon.colcon_core.package_identification:_identify(.) by extension 'ros'
[0.668s] Level 1:colcon.colcon_core.package_identification:_identify(.) by extensions ['cmake', 'python']
[0.668s] Level 1:colcon.colcon_core.package_identification:_identify(.) by extension 'cmake'
[0.668s] Level 1:colcon.colcon_core.package_identification:_identify(.) by extension 'python'
[0.668s] Level 1:colcon.colcon_core.package_identification:_identify(.) by extensions ['python_setup_py']
[0.668s] Level 1:colcon.colcon_core.package_identification:_identify(.) by extension 'python_setup_py'
[0.669s] Level 1:colcon.colcon_core.package_identification:_identify(build) by extensions ['ignore', 'ignore_ament_install']
[0.669s] Level 1:colcon.colcon_core.package_identification:_identify(build) by extension 'ignore'
[0.669s] Level 1:colcon.colcon_core.package_identification:_identify(build) ignored
[0.669s] Level 1:colcon.colcon_core.package_identification:_identify(install) by extensions ['ignore', 'ignore_ament_install']
[0.669s] Level 1:colcon.colcon_core.package_identification:_identify(install) by extension 'ignore'
[0.669s] Level 1:colcon.colcon_core.package_identification:_identify(install) ignored
[0.670s] Level 1:colcon.colcon_core.package_identification:_identify(log) by extensions ['ignore', 'ignore_ament_install']
[0.670s] Level 1:colcon.colcon_core.package_identification:_identify(log) by extension 'ignore'
[0.670s] Level 1:colcon.colcon_core.package_identification:_identify(log) ignored
[0.670s] Level 1:colcon.colcon_core.package_identification:_identify(src) by extensions ['ignore', 'ignore_ament_install']
[0.670s] Level 1:colcon.colcon_core.package_identification:_identify(src) by extension 'ignore'
[0.670s] Level 1:colcon.colcon_core.package_identification:_identify(src) by extension 'ignore_ament_install'
[0.670s] Level 1:colcon.colcon_core.package_identification:_identify(src) by extensions ['colcon_pkg']
[0.670s] Level 1:colcon.colcon_core.package_identification:_identify(src) by extension 'colcon_pkg'
[0.670s] Level 1:colcon.colcon_core.package_identification:_identify(src) by extensions ['colcon_meta']
[0.671s] Level 1:colcon.colcon_core.package_identification:_identify(src) by extension 'colcon_meta'
[0.671s] Level 1:colcon.colcon_core.package_identification:_identify(src) by extensions ['ros']
[0.671s] Level 1:colcon.colcon_core.package_identification:_identify(src) by extension 'ros'
[0.671s] Level 1:colcon.colcon_core.package_identification:_identify(src) by extensions ['cmake', 'python']
[0.671s] Level 1:colcon.colcon_core.package_identification:_identify(src) by extension 'cmake'
[0.671s] Level 1:colcon.colcon_core.package_identification:_identify(src) by extension 'python'
[0.671s] Level 1:colcon.colcon_core.package_identification:_identify(src) by extensions ['python_setup_py']
[0.671s] Level 1:colcon.colcon_core.package_identification:_identify(src) by extension 'python_setup_py'
[0.671s] Level 1:colcon.colcon_core.package_identification:_identify(src/armpi_lite) by extensions ['ignore', 'ignore_ament_install']
[0.671s] Level 1:colcon.colcon_core.package_identification:_identify(src/armpi_lite) by extension 'ignore'
[0.671s] Level 1:colcon.colcon_core.package_identification:_identify(src/armpi_lite) by extension 'ignore_ament_install'
[0.671s] Level 1:colcon.colcon_core.package_identification:_identify(src/armpi_lite) by extensions ['colcon_pkg']
[0.672s] Level 1:colcon.colcon_core.package_identification:_identify(src/armpi_lite) by extension 'colcon_pkg'
[0.672s] Level 1:colcon.colcon_core.package_identification:_identify(src/armpi_lite) by extensions ['colcon_meta']
[0.672s] Level 1:colcon.colcon_core.package_identification:_identify(src/armpi_lite) by extension 'colcon_meta'
[0.672s] Level 1:colcon.colcon_core.package_identification:_identify(src/armpi_lite) by extensions ['ros']
[0.672s] Level 1:colcon.colcon_core.package_identification:_identify(src/armpi_lite) by extension 'ros'
[0.676s] DEBUG:colcon.colcon_core.package_identification:Package 'src/armpi_lite' with type 'ros.ament_python' and name 'armpi_lite'
[0.676s] Level 1:colcon.colcon_core.package_discovery:discover_packages(recursive) using defaults
[0.676s] Level 1:colcon.colcon_core.package_discovery:discover_packages(ignore) discover
[0.677s] Level 1:colcon.colcon_core.package_discovery:discover_packages(ignore) using defaults
[0.677s] Level 1:colcon.colcon_core.package_discovery:discover_packages(path) discover
[0.677s] Level 1:colcon.colcon_core.package_discovery:discover_packages(path) using defaults
[0.709s] Level 1:colcon.colcon_core.package_discovery:discover_packages(prefix_path) check parameters
[0.709s] Level 1:colcon.colcon_core.package_discovery:discover_packages(prefix_path) discover
[0.715s] DEBUG:colcon.colcon_installed_package_information.package_discovery:Found 273 installed packages in /opt/ros/humble
[0.719s] Level 1:colcon.colcon_core.package_discovery:discover_packages(prefix_path) using defaults
[0.791s] Level 5:colcon.colcon_core.verb:set package 'armpi_lite' build argument 'cmake_args' from command line to 'None'
[0.792s] Level 5:colcon.colcon_core.verb:set package 'armpi_lite' build argument 'cmake_target' from command line to 'None'
[0.792s] Level 5:colcon.colcon_core.verb:set package 'armpi_lite' build argument 'cmake_target_skip_unavailable' from command line to 'False'
[0.792s] Level 5:colcon.colcon_core.verb:set package 'armpi_lite' build argument 'cmake_clean_cache' from command line to 'False'
[0.792s] Level 5:colcon.colcon_core.verb:set package 'armpi_lite' build argument 'cmake_clean_first' from command line to 'False'
[0.792s] Level 5:colcon.colcon_core.verb:set package 'armpi_lite' build argument 'cmake_force_configure' from command line to 'False'
[0.792s] Level 5:colcon.colcon_core.verb:set package 'armpi_lite' build argument 'ament_cmake_args' from command line to 'None'
[0.792s] Level 5:colcon.colcon_core.verb:set package 'armpi_lite' build argument 'catkin_cmake_args' from command line to 'None'
[0.792s] Level 5:colcon.colcon_core.verb:set package 'armpi_lite' build argument 'catkin_skip_building_tests' from command line to 'False'
[0.792s] DEBUG:colcon.colcon_core.verb:Building package 'armpi_lite' with the following arguments: {'ament_cmake_args': None, 'build_base': '/home/shenmo/ros/ros2ver/ros2_ws/build/armpi_lite', 'catkin_cmake_args': None, 'catkin_skip_building_tests': False, 'cmake_args': None, 'cmake_clean_cache': False, 'cmake_clean_first': False, 'cmake_force_configure': False, 'cmake_target': None, 'cmake_target_skip_unavailable': False, 'install_base': '/home/shenmo/ros/ros2ver/ros2_ws/install/armpi_lite', 'merge_install': False, 'path': '/home/shenmo/ros/ros2ver/ros2_ws/src/armpi_lite', 'symlink_install': False, 'test_result_base': None}
[0.792s] INFO:colcon.colcon_core.executor:Executing jobs using 'parallel' executor
[0.794s] DEBUG:colcon.colcon_parallel_executor.executor.parallel:run_until_complete
[0.795s] INFO:colcon.colcon_ros.task.ament_python.build:Building ROS package in '/home/shenmo/ros/ros2ver/ros2_ws/src/armpi_lite' with build type 'ament_python'
[0.795s] Level 1:colcon.colcon_core.shell:create_environment_hook('armpi_lite', 'ament_prefix_path')
[0.803s] INFO:colcon.colcon_core.plugin_system:Skipping extension 'colcon_core.shell.bat': Not used on non-Windows systems
[0.804s] INFO:colcon.colcon_core.shell:Creating environment hook '/home/shenmo/ros/ros2ver/ros2_ws/install/armpi_lite/share/armpi_lite/hook/ament_prefix_path.ps1'
[0.806s] INFO:colcon.colcon_core.shell:Creating environment descriptor '/home/shenmo/ros/ros2ver/ros2_ws/install/armpi_lite/share/armpi_lite/hook/ament_prefix_path.dsv'
[0.806s] INFO:colcon.colcon_core.shell:Creating environment hook '/home/shenmo/ros/ros2ver/ros2_ws/install/armpi_lite/share/armpi_lite/hook/ament_prefix_path.sh'
[0.808s] INFO:colcon.colcon_core.shell:Skip shell extension 'powershell' for command environment: Not usable outside of PowerShell
[0.808s] DEBUG:colcon.colcon_core.shell:Skip shell extension 'dsv' for command environment
[1.117s] INFO:colcon.colcon_core.task.python.build:Building Python package in '/home/shenmo/ros/ros2ver/ros2_ws/src/armpi_lite'
[1.118s] INFO:colcon.colcon_core.shell:Skip shell extension 'powershell' for command environment: Not usable outside of PowerShell
[1.118s] DEBUG:colcon.colcon_core.shell:Skip shell extension 'dsv' for command environment
[1.804s] DEBUG:colcon.colcon_core.task.python.build:Available setuptools commands: upload_docs, extract_messages, bdist_rpm, init_catalog, update_catalog, bdist, install_scripts, dist_info, check, build_py, install, build_clib, setopt, rotate, build_ext, install_egg_info, easy_install, egg_info, bdist_egg, install_lib, sdist, install_data, upload, saveopts, test, build_scripts, bdist_dumb, install_headers, develop, compile_catalog, register, symlink_data, clean, build, alias
[1.807s] DEBUG:colcon.colcon_core.event_handler.log_command:Invoking command in '/home/shenmo/ros/ros2ver/ros2_ws/src/armpi_lite': PYTHONPATH=/home/shenmo/ros/ros2ver/ros2_ws/build/armpi_lite/prefix_override:/usr/lib/python3/dist-packages/colcon_core/task/python/colcon_distutils_commands:/home/shenmo/ros/ros2ver/ros2_ws/install/armpi_lite/lib/python3.10/site-packages:${PYTHONPATH} /usr/bin/python3 -W ignore:setup.py install is deprecated -W ignore:easy_install command is deprecated setup.py egg_info --egg-base ../../build/armpi_lite build --build-base /home/shenmo/ros/ros2ver/ros2_ws/build/armpi_lite/build install --record /home/shenmo/ros/ros2ver/ros2_ws/build/armpi_lite/install.log --install-scripts $base/lib/armpi_lite --single-version-externally-managed install_data
[2.149s] DEBUG:colcon.colcon_core.event_handler.log_command:Invoked command in '/home/shenmo/ros/ros2ver/ros2_ws/src/armpi_lite' returned '0': PYTHONPATH=/home/shenmo/ros/ros2ver/ros2_ws/build/armpi_lite/prefix_override:/usr/lib/python3/dist-packages/colcon_core/task/python/colcon_distutils_commands:/home/shenmo/ros/ros2ver/ros2_ws/install/armpi_lite/lib/python3.10/site-packages:${PYTHONPATH} /usr/bin/python3 -W ignore:setup.py install is deprecated -W ignore:easy_install command is deprecated setup.py egg_info --egg-base ../../build/armpi_lite build --build-base /home/shenmo/ros/ros2ver/ros2_ws/build/armpi_lite/build install --record /home/shenmo/ros/ros2ver/ros2_ws/build/armpi_lite/install.log --install-scripts $base/lib/armpi_lite --single-version-externally-managed install_data
[2.156s] Level 1:colcon.colcon_core.environment:checking '/home/shenmo/ros/ros2ver/ros2_ws/install/armpi_lite' for CMake module files
[2.156s] Level 1:colcon.colcon_core.environment:checking '/home/shenmo/ros/ros2ver/ros2_ws/install/armpi_lite' for CMake config files
[2.159s] Level 1:colcon.colcon_core.environment:checking '/home/shenmo/ros/ros2ver/ros2_ws/install/armpi_lite/lib'
[2.159s] Level 1:colcon.colcon_core.environment:checking '/home/shenmo/ros/ros2ver/ros2_ws/install/armpi_lite/bin'
[2.160s] Level 1:colcon.colcon_core.environment:checking '/home/shenmo/ros/ros2ver/ros2_ws/install/armpi_lite/lib/pkgconfig/armpi_lite.pc'
[2.160s] Level 1:colcon.colcon_core.environment:checking '/home/shenmo/ros/ros2ver/ros2_ws/install/armpi_lite/lib/python3.10/site-packages'
[2.160s] Level 1:colcon.colcon_core.shell:create_environment_hook('armpi_lite', 'pythonpath')
[2.161s] INFO:colcon.colcon_core.shell:Creating environment hook '/home/shenmo/ros/ros2ver/ros2_ws/install/armpi_lite/share/armpi_lite/hook/pythonpath.ps1'
[2.162s] INFO:colcon.colcon_core.shell:Creating environment descriptor '/home/shenmo/ros/ros2ver/ros2_ws/install/armpi_lite/share/armpi_lite/hook/pythonpath.dsv'
[2.163s] INFO:colcon.colcon_core.shell:Creating environment hook '/home/shenmo/ros/ros2ver/ros2_ws/install/armpi_lite/share/armpi_lite/hook/pythonpath.sh'
[2.164s] Level 1:colcon.colcon_core.environment:checking '/home/shenmo/ros/ros2ver/ros2_ws/install/armpi_lite/bin'
[2.164s] Level 1:colcon.colcon_core.environment:create_environment_scripts_only(armpi_lite)
[2.164s] INFO:colcon.colcon_core.shell:Creating package script '/home/shenmo/ros/ros2ver/ros2_ws/install/armpi_lite/share/armpi_lite/package.ps1'
[2.166s] INFO:colcon.colcon_core.shell:Creating package descriptor '/home/shenmo/ros/ros2ver/ros2_ws/install/armpi_lite/share/armpi_lite/package.dsv'
[2.167s] INFO:colcon.colcon_core.shell:Creating package script '/home/shenmo/ros/ros2ver/ros2_ws/install/armpi_lite/share/armpi_lite/package.sh'
[2.169s] INFO:colcon.colcon_core.shell:Creating package script '/home/shenmo/ros/ros2ver/ros2_ws/install/armpi_lite/share/armpi_lite/package.bash'
[2.170s] INFO:colcon.colcon_core.shell:Creating package script '/home/shenmo/ros/ros2ver/ros2_ws/install/armpi_lite/share/armpi_lite/package.zsh'
[2.172s] Level 1:colcon.colcon_core.environment:create_file_with_runtime_dependencies(/home/shenmo/ros/ros2ver/ros2_ws/install/armpi_lite/share/colcon-core/packages/armpi_lite)
[2.172s] DEBUG:colcon.colcon_parallel_executor.executor.parallel:closing loop
[2.173s] DEBUG:colcon.colcon_parallel_executor.executor.parallel:loop closed
[2.173s] DEBUG:colcon.colcon_parallel_executor.executor.parallel:run_until_complete finished with '0'
[2.173s] DEBUG:colcon.colcon_core.event_reactor:joining thread
[2.272s] INFO:colcon.colcon_core.plugin_system:Skipping extension 'colcon_notification.desktop_notification.notify_send': Could not find 'notify-send'
[2.272s] INFO:colcon.colcon_core.plugin_system:Skipping extension 'colcon_notification.desktop_notification.terminal_notifier': Not used on non-Darwin systems
[2.272s] INFO:colcon.colcon_core.plugin_system:Skipping extension 'colcon_notification.desktop_notification.win32': Not used on non-Windows systems
[2.272s] INFO:colcon.colcon_notification.desktop_notification:Sending desktop notification using 'notify2'
[2.273s] DEBUG:colcon.colcon_notification.desktop_notification.notify2:Failed to initialize notify2: org.freedesktop.DBus.Error.FileNotFound: Failed to connect to socket /run/user/1000/bus: No such file or directory
[2.273s] DEBUG:colcon.colcon_core.event_reactor:joined thread
[2.273s] INFO:colcon.colcon_core.shell:Creating prefix script '/home/shenmo/ros/ros2ver/ros2_ws/install/local_setup.ps1'
[2.276s] INFO:colcon.colcon_core.shell:Creating prefix util module '/home/shenmo/ros/ros2ver/ros2_ws/install/_local_setup_util_ps1.py'
[2.278s] INFO:colcon.colcon_core.shell:Creating prefix chain script '/home/shenmo/ros/ros2ver/ros2_ws/install/setup.ps1'
[2.279s] INFO:colcon.colcon_core.shell:Creating prefix script '/home/shenmo/ros/ros2ver/ros2_ws/install/local_setup.sh'
[2.280s] INFO:colcon.colcon_core.shell:Creating prefix util module '/home/shenmo/ros/ros2ver/ros2_ws/install/_local_setup_util_sh.py'
[2.281s] INFO:colcon.colcon_core.shell:Creating prefix chain script '/home/shenmo/ros/ros2ver/ros2_ws/install/setup.sh'
[2.282s] INFO:colcon.colcon_core.shell:Creating prefix script '/home/shenmo/ros/ros2ver/ros2_ws/install/local_setup.bash'
[2.283s] INFO:colcon.colcon_core.shell:Creating prefix chain script '/home/shenmo/ros/ros2ver/ros2_ws/install/setup.bash'
[2.284s] INFO:colcon.colcon_core.shell:Creating prefix script '/home/shenmo/ros/ros2ver/ros2_ws/install/local_setup.zsh'
[2.285s] INFO:colcon.colcon_core.shell:Creating prefix chain script '/home/shenmo/ros/ros2ver/ros2_ws/install/setup.zsh'
